[Licensing::Module] Trying to connect to existing licensing client channel...
[Licensing::IpcConnector] Successfully connected to: "LicenseClient-Personal" at "2026-09-26T10:54:00.6075545Z"
Built from '6000.3/staging' branch; Version is '6000.3.11f1 (3000ef702840) revision 3145967'; Using compiler version '194234433'; Build Type 'Release'
OS: 'Windows 11  (10.0.26200) Professional' Language: 'en' Physical Memory: 16016 MB
BatchMode: 1, IsHumanControllingUs: 0, StartBugReporterOnCrash: 0, Is64bit: 1
System  architecture: x64
Process architecture: x64
Date: 2026-09-26T10:54:00Z

COMMAND LINE ARGUMENTS:
C:\Program Files\Unity\Hub\Editor\6000.3.11f1\Editor\Unity.exe
-adb2
-batchMode
-noUpm
-name
AssetImportWorker1
-projectPath
D:/unity/unity projects/puungu
-logFile
Logs/AssetImportWorker1.log
-srvPort
64735
-licensingIpc
LicenseClient-Personal
-job-worker-count
5
-background-job-worker-count
8
-gc-helper-count
1
-name
AssetImport
Successfully changed project path to: D:/unity/unity projects/puungu
D:/unity/unity projects/puungu
[UnityMemory] Configuration Parameters - Can be set up in boot.config
    "memorysetup-temp-allocator-size-nav-mesh-worker=65536"
    "memorysetup-temp-allocator-size-audio-worker=65536"
    "memorysetup-temp-allocator-size-gfx=262144"
    "memorysetup-allocator-temp-initial-block-size-main=262144"
    "memorysetup-allocator-temp-initial-block-size-worker=262144"
    "memorysetup-temp-allocator-size-background-worker=32768"
    "memorysetup-temp-allocator-size-job-worker=262144"
    "memorysetup-temp-allocator-size-preload-manager=33554432"
    "memorysetup-temp-allocator-size-gi-baking-worker=262144"
    "memorysetup-temp-allocator-size-gi-baking-worker=262144"
    "memorysetup-temp-allocator-size-gi-baking-worker=262144"
    "memorysetup-temp-allocator-size-gi-baking-worker=262144"
    "memorysetup-temp-allocator-size-gi-baking-worker=262144"
    "memorysetup-bucket-allocator-granularity=16"
    "memorysetup-bucket-allocator-bucket-count=8"
    "memorysetup-bucket-allocator-block-size=33554432"
    "memorysetup-bucket-allocator-block-count=8"
    "memorysetup-main-allocator-block-size=16777216"
    "memorysetup-thread-allocator-block-size=16777216"
    "memorysetup-gfx-main-allocator-block-size=16777216"
    "memorysetup-gfx-thread-allocator-block-size=16777216"
    "memorysetup-cache-allocator-block-size=4194304"
    "memorysetup-typetree-allocator-block-size=2097152"
    "memorysetup-profiler-bucket-allocator-granularity=16"
    "memorysetup-profiler-bucket-allocator-bucket-count=8"
    "memorysetup-profiler-bucket-allocator-block-size=33554432"
    "memorysetup-profiler-bucket-allocator-block-count=8"
    "memorysetup-profiler-allocator-block-size=16777216"
    "memorysetup-profiler-editor-allocator-block-size=1048576"
    "memorysetup-temp-allocator-size-main=16777216"
    "memorysetup-job-temp-allocator-block-size=2097152"
    "memorysetup-job-temp-allocator-block-size-background=1048576"
    "memorysetup-job-temp-allocator-reduction-small-platforms=262144"
    "memorysetup-temp-allocator-size-cloud-worker=32768"
Player connection [14496]  Target information:

Player connection [14496]  * "[IP] 10.6.8.45 [Port] 0 [Flags] 2 [Guid] 186963925 [EditorId] 186963925 [Version] 1048832 [Id] WindowsEditor(7,EDGAR) [Debug] 1 [PackageName] WindowsEditor [ProjectName] Editor" 

Player connection [14496]  * "[IP] 192.168.137.1 [Port] 0 [Flags] 2 [Guid] 186963925 [EditorId] 186963925 [Version] 1048832 [Id] WindowsEditor(7,EDGAR) [Debug] 1 [PackageName] WindowsEditor [ProjectName] Editor" 

Player connection [14496] Host joined multi-casting on [225.0.0.222:54997]...
Player connection [14496] Host joined alternative multi-casting on [225.0.0.222:34997]...
JobSystem: Creating JobQueue using job-worker-count value 5
Input System module state changed to: Initialized.
[Physics::Module] Initialized fallback backend.
[Physics::Module] Id: 0xdecafbad
Library Redirect Path: Library/
[Physics::Module] Selected backend.
[Physics::Module] Name: PhysX
[Physics::Module] Id: 0xf2b8ea05
[Physics::Module] SDK Version: 4.1.2
[Physics::Module] Integration Version: 1.0.0
[Physics::Module] Threading Mode: Multi-Threaded
Refreshing native plugins compatible for Editor in 1.46 ms, found 3 plugins.
Preloading 0 native plugins for Editor in 0.00 ms.
Initialize engine version: 6000.3.11f1 (3000ef702840)
[Subsystems] Discovering subsystems at path C:/Program Files/Unity/Hub/Editor/6000.3.11f1/Editor/Data/Resources/UnitySubsystems
[Subsystems] Discovering subsystems at path D:/unity/unity projects/puungu/Assets
GfxDevice: creating device client; kGfxThreadingModeNonThreaded
Direct3D:
    Version:  Direct3D 11.0 [level 11.1]
    Renderer: Intel(R) Iris(R) Xe Graphics (ID=0xa7a1)
    Vendor:   Intel
    VRAM:     8008 MB
    Driver:   32.0.101.7088
Initialize mono
Mono path[0] = 'C:/Program Files/Unity/Hub/Editor/6000.3.11f1/Editor/Data/Managed'
Mono path[1] = 'C:/Program Files/Unity/Hub/Editor/6000.3.11f1/Editor/Data/MonoBleedingEdge/lib/mono/unityjit-win32'
Mono config path = 'C:/Program Files/Unity/Hub/Editor/6000.3.11f1/Editor/Data/MonoBleedingEdge/etc'
Using monoOptions --debugger-agent=transport=dt_socket,embedding=1,server=y,suspend=n,address=127.0.0.1:56832
Begin MonoManager ReloadAssembly
Registering precompiled unity dll's ...
Register platform support module: C:/Program Files/Unity/Hub/Editor/6000.3.11f1/Editor/Data/PlaybackEngines/WebGLSupport/UnityEditor.WebGL.Extensions.dll
Register platform support module: C:/Program Files/Unity/Hub/Editor/6000.3.11f1/Editor/Data/PlaybackEngines/WindowsStandaloneSupport/UnityEditor.WindowsStandalone.Extensions.dll
Registered in 0.005337 seconds.
- Loaded All Assemblies, in  0.727 seconds
Native extension for WindowsStandalone target not found
Native extension for WebGL target not found
[Licensing::Client] Error: HandshakeResponse reported an error:
	ResponseCode: 505
	ResponseStatus: Unsupported protocol version '1.18.0'.
[Licensing::Module] Error: Failed to handshake to channel: "LicenseClient-Personal"
[Licensing::IpcConnector] LicenseClient-Personal channel disconnected successfully.
[Licensing::IpcConnector] Successfully connected to: "LicenseClient-Personal-6000.3.11" at "2026-09-26T10:54:02.2650884Z"
Package Manager log level set to [2]
[Package Manager] Failed to launch server process. Reason: Unity was launched with the -noUpm command-line argument
[Package Manager] Unable to send message (not connected to server process).
[Package Manager] Cannot connect to Unity Package Manager local server
[Licensing::Client] Handshaking with LicensingClient:
  Version:                 1.18.0+23225a6
  Session Id:              4d749b524cb5467b815efb1d01919a9e
  Correlation Id:          c14f01eb56f06b95ad722ac5cc1fbcfc
  External correlation Id: 2022760127171864218
  Machine Id:              Dq+sTHgY3thsuf9cGb9YCd6w1aE=
[Licensing::Module] Successfully connected to LicensingClient on channel: "LicenseClient-Personal-6000.3.11" (connect: 0.00s, validation: 0.00s, handshake: 0.11s)
[Licensing::IpcConnector] Successfully connected to: "LicenseClient-Personal-6000.3.11-notifications" at "2026-09-26T10:54:02.3754979Z"
[Licensing::Module] Licensing Background thread has ended after 1.77s
ScheduleIndexationOnStartup MainProcess:False IndexOnStartup:True
Mono: successfully reloaded assembly
- Finished resetting the current domain, in  0.506 seconds
Domain Reload Profiling: 1230ms
	BeginReloadAssembly (251ms)
		ExecutionOrderSort (0ms)
		DisableScriptedObjects (0ms)
		BackupInstance (0ms)
		ReleaseScriptingObjects (0ms)
		CreateAndSetChildDomain (1ms)
	RebuildCommonClasses (105ms)
	RebuildNativeTypeToScriptingClass (32ms)
	initialDomainReloadingComplete (114ms)
	LoadAllAssembliesAndSetupDomain (221ms)
		LoadAssemblies (246ms)
		RebuildTransferFunctionScriptingTraits (0ms)
		AnalyzeDomain (217ms)
			TypeCache.Refresh (214ms)
				TypeCache.ScanAssembly (196ms)
			BuildScriptInfoCaches (0ms)
			ResolveRequiredComponents (1ms)
	FinalizeReload (507ms)
		ReleaseScriptCaches (0ms)
		RebuildScriptCaches (0ms)
		SetupLoadedEditorAssemblies (459ms)
			LogAssemblyErrors (0ms)
			InitializePlatformSupportModulesInManaged (80ms)
			SetLoadedEditorAssemblies (6ms)
			BeforeProcessingInitializeOnLoad (107ms)
			ProcessInitializeOnLoadAttributes (182ms)
			ProcessInitializeOnLoadMethodAttributes (84ms)
			AfterProcessingInitializeOnLoad (0ms)
			EditorAssembliesLoaded (0ms)
		ExecutionOrderSort2 (0ms)
		AwakeInstancesAfterBackupRestoration (0ms)
========================================================================
Worker process is ready to serve import requests
Import Worker Mode flag is 0x00
Begin MonoManager ReloadAssembly
[Licensing::Client] Successfully resolved entitlement details
[Licensing::Module] License group:
  Id: 11270623184113-UnityPersXXXX
  Product: Unity Personal
  Type: Assigned
  Expiration: Unlimited
- Loaded All Assemblies, in  0.828 seconds
Refreshing native plugins compatible for Editor in 0.54 ms, found 3 plugins.
Native extension for WindowsStandalone target not found
Native extension for WebGL target not found
[Package Manager] Failed to launch server process. Reason: Unity was launched with the -noUpm command-line argument
[Package Manager] Unable to send message (not connected to server process).
[Package Manager] Cannot connect to Unity Package Manager local server
EXR error: Failed to parse EXR version info (TinyEXR error code: TINYEXR_ERROR_INVALID_MAGIC_NUMBER)
UnityEngine.Debug:ExtractStackTraceNoAlloc (byte*,int,string)
UnityEngine.StackTraceUtility:ExtractStackTrace ()
UnityEngine.ImageConversion:LoadImage (UnityEngine.Texture2D,System.ReadOnlySpan`1<byte>,bool)
UnityEngine.ImageConversion:LoadImage (UnityEngine.Texture2D,byte[])
Unity.PlasticSCM.Editor.UI.Images:GetNewTextureFromBytes (int,int,byte[]) (at ./Library/PackageCache/com.unity.collab-proxy@a5329f833fa8/Editor/UI/Images.cs:665)
Unity.PlasticSCM.Editor.UI.Images:GetNewTextureFromFile (string) (at ./Library/PackageCache/com.unity.collab-proxy@a5329f833fa8/Editor/UI/Images.cs:676)
Unity.PlasticSCM.Editor.UI.Images:LoadTextureFromFile (string) (at ./Library/PackageCache/com.unity.collab-proxy@a5329f833fa8/Editor/UI/Images.cs:847)
Unity.PlasticSCM.Editor.UI.Images:TryLoadImage (string,string,bool) (at ./Library/PackageCache/com.unity.collab-proxy@a5329f833fa8/Editor/UI/Images.cs:824)
Unity.PlasticSCM.Editor.UI.Images:LoadImage (Unity.PlasticSCM.Editor.UI.Images/Name,bool) (at ./Library/PackageCache/com.unity.collab-proxy@a5329f833fa8/Editor/UI/Images.cs:701)
Unity.PlasticSCM.Editor.UI.Images:GetImage (Unity.PlasticSCM.Editor.UI.Images/Name) (at ./Library/PackageCache/com.unity.collab-proxy@a5329f833fa8/Editor/UI/Images.cs:86)
Unity.PlasticSCM.Editor.UI.Images:GetPlasticViewIcon () (at ./Library/PackageCache/com.unity.collab-proxy@a5329f833fa8/Editor/UI/Images.cs:427)
Unity.PlasticSCM.Editor.Toolbar.UVCSToolbarButtonData:BuildDefault () (at ./Library/PackageCache/com.unity.collab-proxy@a5329f833fa8/Editor/UVCSToolbar/UVCSToolbarButtonData.cs:17)
Unity.PlasticSCM.Editor.Toolbar.ToolbarController:.ctor (Unity.PlasticSCM.Editor.UVCSPlugin) (at ./Library/PackageCache/com.unity.collab-proxy@a5329f833fa8/Editor/UVCSToolbar/ToolbarController.cs:441)
Unity.PlasticSCM.Editor.Toolbar.UVCSToolbar:.cctor () (at ./Library/PackageCache/com.unity.collab-proxy@a5329f833fa8/Editor/UVCSToolbar/UVCSToolbar.cs:12)
Assets.Plugins.PlasticSCM.Editor.Toolbar.UVCSToolbarBoostrap:.cctor () (at ./Library/PackageCache/com.unity.collab-proxy@a5329f833fa8/Editor/UnityInternals/UVCSToolbarBoostrap.cs:15)
System.Runtime.CompilerServices.RuntimeHelpers:RunClassConstructor (System.RuntimeTypeHandle)
UnityEditor.EditorAssemblies:ProcessInitializeOnLoadAttributes (System.Type[])

[./Library/PackageCache/com.unity.collab-proxy@a5329f833fa8/Editor/UI/Images.cs line 665]

[Package Manager] Failed to launch server process. Reason: Unity was launched with the -noUpm command-line argument
[Package Manager] Unable to send message (not connected to server process).
[Package Manager] Cannot connect to Unity Package Manager local server
ScheduleIndexationOnStartup MainProcess:False IndexOnStartup:True
Mono: successfully reloaded assembly
- Finished resetting the current domain, in  0.853 seconds
Domain Reload Profiling: 1678ms
	BeginReloadAssembly (171ms)
		ExecutionOrderSort (0ms)
		DisableScriptedObjects (8ms)
		BackupInstance (0ms)
		ReleaseScriptingObjects (0ms)
		CreateAndSetChildDomain (28ms)
	RebuildCommonClasses (38ms)
	RebuildNativeTypeToScriptingClass (10ms)
	initialDomainReloadingComplete (33ms)
	LoadAllAssembliesAndSetupDomain (573ms)
		LoadAssemblies (376ms)
		RebuildTransferFunctionScriptingTraits (0ms)
		AnalyzeDomain (289ms)
			TypeCache.Refresh (221ms)
				TypeCache.ScanAssembly (206ms)
			BuildScriptInfoCaches (60ms)
			ResolveRequiredComponents (5ms)
	FinalizeReload (853ms)
		ReleaseScriptCaches (0ms)
		RebuildScriptCaches (0ms)
		SetupLoadedEditorAssemblies (674ms)
			LogAssemblyErrors (0ms)
			InitializePlatformSupportModulesInManaged (3ms)
			SetLoadedEditorAssemblies (3ms)
			BeforeProcessingInitializeOnLoad (167ms)
			ProcessInitializeOnLoadAttributes (423ms)
			ProcessInitializeOnLoadMethodAttributes (66ms)
			AfterProcessingInitializeOnLoad (11ms)
			EditorAssembliesLoaded (0ms)
		ExecutionOrderSort2 (0ms)
		AwakeInstancesAfterBackupRestoration (16ms)
Launched and connected shader compiler UnityShaderCompiler.exe after 0.03 seconds
Refreshing native plugins compatible for Editor in 0.90 ms, found 3 plugins.
Preloading 0 native plugins for Editor in 0.00 ms.
Unloading 0 Unused Serialized files (Serialized files now loaded: 0)
Unloading 3894 unused Assets / (0.7 MB). Loaded Objects now: 4496.
Memory consumption went from 104.7 MB to 104.0 MB.
Total: 6.564800 ms (FindLiveObjects: 0.677900 ms CreateObjectMapping: 0.353500 ms MarkObjects: 4.694400 ms  DeleteObjects: 0.837400 ms)

========================================================================
Received Import Request.
  Time since last request: 193112.049730 seconds.
  path: Assets/animations/BearAnimator.controller
  artifactKey: Guid(36b65e06912c32447b608ce9b09b3e59) Importer(2089858483,b0f066a214c2f5e87bad3c948f4d605d)
Start importing Assets/animations/BearAnimator.controller using Guid(36b65e06912c32447b608ce9b09b3e59) Importer(2089858483,b0f066a214c2f5e87bad3c948f4d605d) (ScriptedImporter) -> (artifact id: 'ba36f9325a9936ddf9edf20151a5a7eb') in 0.1327735 seconds
Number of updated asset objects reloaded before import = 0Number of asset objects unloaded after import = 12

========================================================================
Received Import Request.
  Time since last request: 1239.713888 seconds.
  path: Assets/probs/ancient+wooden+staff+3d+model/tripo_convert_35f64f01-e551-4ace-b481-664c5eea5c8a.fbm/tripo_node_8aa24112-76e1-4f5b-9d0c-e72b24227625_Normal_Bake.png
  artifactKey: Guid(39895cb50dfebfb4fb86fbfcbef6e52e) Importer(2089858483,b0f066a214c2f5e87bad3c948f4d605d)
Start importing Assets/probs/ancient+wooden+staff+3d+model/tripo_convert_35f64f01-e551-4ace-b481-664c5eea5c8a.fbm/tripo_node_8aa24112-76e1-4f5b-9d0c-e72b24227625_Normal_Bake.png using Guid(39895cb50dfebfb4fb86fbfcbef6e52e) Importer(2089858483,b0f066a214c2f5e87bad3c948f4d605d) (ScriptedImporter) -> (artifact id: 'd6f072093e914d240a241b3d94b8a249') in 0.1167979 seconds
Number of updated asset objects reloaded before import = 0Number of asset objects unloaded after import = 1

========================================================================
Received Import Request.
  Time since last request: 0.000059 seconds.
  path: Assets/probs/ancient+wooden+staff+3d+model/tripo_convert_35f64f01-e551-4ace-b481-664c5eea5c8a.fbm/ancient_wooden_staff_3d_model_metallic.PNG
  artifactKey: Guid(eef0b449a71be754680589a1e280df72) Importer(2089858483,b0f066a214c2f5e87bad3c948f4d605d)
Start importing Assets/probs/ancient+wooden+staff+3d+model/tripo_convert_35f64f01-e551-4ace-b481-664c5eea5c8a.fbm/ancient_wooden_staff_3d_model_metallic.PNG using Guid(eef0b449a71be754680589a1e280df72) Importer(2089858483,b0f066a214c2f5e87bad3c948f4d605d) (ScriptedImporter) -> (artifact id: 'af6023b4b65aca8a93a3e8b139d3fa77') in 0.0178787 seconds
Number of updated asset objects reloaded before import = 0Number of asset objects unloaded after import = 1

========================================================================
Received Import Request.
  Time since last request: 0.000069 seconds.
  path: Assets/probs/ancient+wooden+staff+3d+model
  artifactKey: Guid(d35618dd35c6dba4fad53fb4483fee93) Importer(2089858483,b0f066a214c2f5e87bad3c948f4d605d)
Start importing Assets/probs/ancient+wooden+staff+3d+model using Guid(d35618dd35c6dba4fad53fb4483fee93) Importer(2089858483,b0f066a214c2f5e87bad3c948f4d605d) (ScriptedImporter) -> (artifact id: '1d3315f067338ad6618de32a59828c19') in 0.0041714 seconds
Number of updated asset objects reloaded before import = 0Number of asset objects unloaded after import = 1

========================================================================
Received Import Request.
  Time since last request: 0.000165 seconds.
  path: Assets/probs/ancient+wooden+staff+3d+model/tripo_convert_35f64f01-e551-4ace-b481-664c5eea5c8a.fbm
  artifactKey: Guid(ac5191a9a3c369342ad55c6f5bfa2d61) Importer(2089858483,b0f066a214c2f5e87bad3c948f4d605d)
Start importing Assets/probs/ancient+wooden+staff+3d+model/tripo_convert_35f64f01-e551-4ace-b481-664c5eea5c8a.fbm using Guid(ac5191a9a3c369342ad55c6f5bfa2d61) Importer(2089858483,b0f066a214c2f5e87bad3c948f4d605d) (ScriptedImporter) -> (artifact id: '6181b699cce88cc9923cd560bd4b0fc9') in 0.0034935 seconds
Number of updated asset objects reloaded before import = 0Number of asset objects unloaded after import = 1

========================================================================
Received Import Request.
  Time since last request: 0.000076 seconds.
  path: Assets/probs/ancient+wooden+staff+3d+model/tripo_convert_35f64f01-e551-4ace-b481-664c5eea5c8a.fbm/tripo_node_8aa24112-76e1-4f5b-9d0c-e72b24227625_BaseColor.png
  artifactKey: Guid(e951cd0a10b66a047879c1c266905471) Importer(2089858483,b0f066a214c2f5e87bad3c948f4d605d)
Start importing Assets/probs/ancient+wooden+staff+3d+model/tripo_convert_35f64f01-e551-4ace-b481-664c5eea5c8a.fbm/tripo_node_8aa24112-76e1-4f5b-9d0c-e72b24227625_BaseColor.png using Guid(e951cd0a10b66a047879c1c266905471) Importer(2089858483,b0f066a214c2f5e87bad3c948f4d605d) (ScriptedImporter) -> (artifact id: '2954ac3af48bc168d3e6231d82781db8') in 0.0111835 seconds
Number of updated asset objects reloaded before import = 0Number of asset objects unloaded after import = 1

========================================================================
Received Import Request.
  Time since last request: 0.000173 seconds.
  path: Assets/probs/ancient+wooden+staff+3d+model/tripo_convert_35f64f01-e551-4ace-b481-664c5eea5c8a.fbm/ancient_wooden_staff_3d_model_roughness.PNG
  artifactKey: Guid(8eacc5c291214ea46964446257b0109b) Importer(2089858483,b0f066a214c2f5e87bad3c948f4d605d)
Start importing Assets/probs/ancient+wooden+staff+3d+model/tripo_convert_35f64f01-e551-4ace-b481-664c5eea5c8a.fbm/ancient_wooden_staff_3d_model_roughness.PNG using Guid(8eacc5c291214ea46964446257b0109b) Importer(2089858483,b0f066a214c2f5e87bad3c948f4d605d) (ScriptedImporter) -> (artifact id: 'e92220deb7d5ff8cc35ae71301598604') in 0.0100734 seconds
Number of updated asset objects reloaded before import = 0Number of asset objects unloaded after import = 1

========================================================================
Received Import Request.
  Time since last request: 0.000210 seconds.
  path: Assets/probs
  artifactKey: Guid(c52412cbbff45264eafb83ee97000998) Importer(2089858483,b0f066a214c2f5e87bad3c948f4d605d)
Start importing Assets/probs using Guid(c52412cbbff45264eafb83ee97000998) Importer(2089858483,b0f066a214c2f5e87bad3c948f4d605d) (ScriptedImporter) -> (artifact id: 'f1d99c89ff47c2dd5d933cb66b4844b2') in 0.0028123 seconds
Number of updated asset objects reloaded before import = 0Number of asset objects unloaded after import = 1

Editor requested this worker to shutdown with reason: Scaling down because of idle timeout
AssetImportWorker is now disconnected from the server
Process exiting
Exiting without the bug reporter. Application will terminate with return code 0