[Licensing::Module] Trying to connect to existing licensing client channel...
Built from '6000.3/staging' branch; Version is '6000.3.11f1 (3000ef702840) revision 3145967'; Using compiler version '194234433'; Build Type 'Release'
OS: 'Windows 11  (10.0.26200) Professional' Language: 'en' Physical Memory: 16016 MB
[Licensing::IpcConnector] Successfully connected to: "LicenseClient-Personal" at "2026-09-15T05:38:45.0425413Z"
BatchMode: 1, IsHumanControllingUs: 0, StartBugReporterOnCrash: 0, Is64bit: 1
System  architecture: x64
Process architecture: x64
Date: 2026-09-15T05:38:45Z

COMMAND LINE ARGUMENTS:
C:\Program Files\Unity\Hub\Editor\6000.3.11f1\Editor\Unity.exe
-adb2
-batchMode
-noUpm
-name
AssetImportWorker0
-projectPath
D:/unity/unity projects/puungu
-logFile
Logs/AssetImportWorker0.log
-srvPort
63571
-licensingIpc
LicenseClient-Personal
-job-worker-count
5
-background-job-worker-count
8
-gc-helper-count
1
-name
AssetImport
Successfully changed project path to: D:/unity/unity projects/puungu
D:/unity/unity projects/puungu
[UnityMemory] Configuration Parameters - Can be set up in boot.config
    "memorysetup-temp-allocator-size-nav-mesh-worker=65536"
    "memorysetup-temp-allocator-size-audio-worker=65536"
    "memorysetup-temp-allocator-size-gfx=262144"
    "memorysetup-allocator-temp-initial-block-size-main=262144"
    "memorysetup-allocator-temp-initial-block-size-worker=262144"
    "memorysetup-temp-allocator-size-background-worker=32768"
    "memorysetup-temp-allocator-size-job-worker=262144"
    "memorysetup-temp-allocator-size-preload-manager=33554432"
    "memorysetup-temp-allocator-size-gi-baking-worker=262144"
    "memorysetup-temp-allocator-size-gi-baking-worker=262144"
    "memorysetup-temp-allocator-size-gi-baking-worker=262144"
    "memorysetup-temp-allocator-size-gi-baking-worker=262144"
    "memorysetup-temp-allocator-size-gi-baking-worker=262144"
    "memorysetup-bucket-allocator-granularity=16"
    "memorysetup-bucket-allocator-bucket-count=8"
    "memorysetup-bucket-allocator-block-size=33554432"
    "memorysetup-bucket-allocator-block-count=8"
    "memorysetup-main-allocator-block-size=16777216"
    "memorysetup-thread-allocator-block-size=16777216"
    "memorysetup-gfx-main-allocator-block-size=16777216"
    "memorysetup-gfx-thread-allocator-block-size=16777216"
    "memorysetup-cache-allocator-block-size=4194304"
    "memorysetup-typetree-allocator-block-size=2097152"
    "memorysetup-profiler-bucket-allocator-granularity=16"
    "memorysetup-profiler-bucket-allocator-bucket-count=8"
    "memorysetup-profiler-bucket-allocator-block-size=33554432"
    "memorysetup-profiler-bucket-allocator-block-count=8"
    "memorysetup-profiler-allocator-block-size=16777216"
    "memorysetup-profiler-editor-allocator-block-size=1048576"
    "memorysetup-temp-allocator-size-main=16777216"
    "memorysetup-job-temp-allocator-block-size=2097152"
    "memorysetup-job-temp-allocator-block-size-background=1048576"
    "memorysetup-job-temp-allocator-reduction-small-platforms=262144"
    "memorysetup-temp-allocator-size-cloud-worker=32768"
Player connection [18068]  Target information:

Player connection [18068]  * "[IP] 10.7.18.175 [Port] 0 [Flags] 2 [Guid] 4080728761 [EditorId] 4080728761 [Version] 1048832 [Id] WindowsEditor(7,EDGAR) [Debug] 1 [PackageName] WindowsEditor [ProjectName] Editor" 

Player connection [18068] Host joined multi-casting on [225.0.0.222:54997]...
Player connection [18068] Host joined alternative multi-casting on [225.0.0.222:34997]...
JobSystem: Creating JobQueue using job-worker-count value 5
Input System module state changed to: Initialized.
[Physics::Module] Initialized fallback backend.
[Physics::Module] Id: 0xdecafbad
Library Redirect Path: Library/
[Physics::Module] Selected backend.
[Physics::Module] Name: PhysX
[Physics::Module] Id: 0xf2b8ea05
[Physics::Module] SDK Version: 4.1.2
[Physics::Module] Integration Version: 1.0.0
[Physics::Module] Threading Mode: Multi-Threaded
Refreshing native plugins compatible for Editor in 8.27 ms, found 3 plugins.
Preloading 0 native plugins for Editor in 0.00 ms.
Initialize engine version: 6000.3.11f1 (3000ef702840)
[Subsystems] Discovering subsystems at path C:/Program Files/Unity/Hub/Editor/6000.3.11f1/Editor/Data/Resources/UnitySubsystems
[Subsystems] Discovering subsystems at path D:/unity/unity projects/puungu/Assets
GfxDevice: creating device client; kGfxThreadingModeNonThreaded
Direct3D:
    Version:  Direct3D 11.0 [level 11.1]
    Renderer: Intel(R) Iris(R) Xe Graphics (ID=0xa7a1)
    Vendor:   Intel
    VRAM:     8008 MB
    Driver:   32.0.101.7085
Initialize mono
Mono path[0] = 'C:/Program Files/Unity/Hub/Editor/6000.3.11f1/Editor/Data/Managed'
Mono path[1] = 'C:/Program Files/Unity/Hub/Editor/6000.3.11f1/Editor/Data/MonoBleedingEdge/lib/mono/unityjit-win32'
Mono config path = 'C:/Program Files/Unity/Hub/Editor/6000.3.11f1/Editor/Data/MonoBleedingEdge/etc'
Using monoOptions --debugger-agent=transport=dt_socket,embedding=1,server=y,suspend=n,address=127.0.0.1:56908
Begin MonoManager ReloadAssembly
Registering precompiled unity dll's ...
Register platform support module: C:/Program Files/Unity/Hub/Editor/6000.3.11f1/Editor/Data/PlaybackEngines/WebGLSupport/UnityEditor.WebGL.Extensions.dll
Register platform support module: C:/Program Files/Unity/Hub/Editor/6000.3.11f1/Editor/Data/PlaybackEngines/WindowsStandaloneSupport/UnityEditor.WindowsStandalone.Extensions.dll
Registered in 0.004733 seconds.
- Loaded All Assemblies, in  0.948 seconds
Native extension for WindowsStandalone target not found
Native extension for WebGL target not found
[Licensing::Client] Error: HandshakeResponse reported an error:
	ResponseCode: 505
	ResponseStatus: Unsupported protocol version '1.18.0'.
[Licensing::Module] Error: Failed to handshake to channel: "LicenseClient-Personal"
[Licensing::IpcConnector] LicenseClient-Personal channel disconnected successfully.
[Licensing::IpcConnector] Successfully connected to: "LicenseClient-Personal-6000.3.11" at "2026-09-15T05:38:47.289848Z"
Package Manager log level set to [2]
[Package Manager] Failed to launch server process. Reason: Unity was launched with the -noUpm command-line argument
[Package Manager] Unable to send message (not connected to server process).
[Package Manager] Cannot connect to Unity Package Manager local server
ScheduleIndexationOnStartup MainProcess:False IndexOnStartup:True
Mono: successfully reloaded assembly
- Finished resetting the current domain, in  0.793 seconds
Domain Reload Profiling: 1736ms
	BeginReloadAssembly (339ms)
		ExecutionOrderSort (0ms)
		DisableScriptedObjects (0ms)
		BackupInstance (0ms)
		ReleaseScriptingObjects (0ms)
		CreateAndSetChildDomain (2ms)
	RebuildCommonClasses (70ms)
	RebuildNativeTypeToScriptingClass (23ms)
	initialDomainReloadingComplete (91ms)
	LoadAllAssembliesAndSetupDomain (420ms)
		LoadAssemblies (322ms)
		RebuildTransferFunctionScriptingTraits (0ms)
		AnalyzeDomain (413ms)
			TypeCache.Refresh (410ms)
				TypeCache.ScanAssembly (384ms)
			BuildScriptInfoCaches (0ms)
			ResolveRequiredComponents (1ms)
	FinalizeReload (794ms)
		ReleaseScriptCaches (0ms)
		RebuildScriptCaches (0ms)
		SetupLoadedEditorAssemblies (727ms)
			LogAssemblyErrors (0ms)
			InitializePlatformSupportModulesInManaged (127ms)
			SetLoadedEditorAssemblies (9ms)
			BeforeProcessingInitializeOnLoad (175ms)
			ProcessInitializeOnLoadAttributes (277ms)
			ProcessInitializeOnLoadMethodAttributes (139ms)
			AfterProcessingInitializeOnLoad (0ms)
			EditorAssembliesLoaded (0ms)
		ExecutionOrderSort2 (0ms)
		AwakeInstancesAfterBackupRestoration (0ms)
[Licensing::Client] Handshaking with LicensingClient:
  Version:                 1.18.0+23225a6
  Session Id:              a06458cedc5146c3927a3637971b846f
  Correlation Id:          002cad6ac18bd2f0d416c420cfbab3d0
  External correlation Id: 8619354169323299322
  Machine Id:              Dq+sTHgY3thsuf9cGb9YCd6w1aE=
[Licensing::Module] Successfully connected to LicensingClient on channel: "LicenseClient-Personal-6000.3.11" (connect: 0.00s, validation: 0.01s, handshake: 0.29s)
[Licensing::IpcConnector] Successfully connected to: "LicenseClient-Personal-6000.3.11-notifications" at "2026-09-15T05:38:47.5885343Z"
[Licensing::Module] Licensing Background thread has ended after 2.55s
========================================================================
Worker process is ready to serve import requests
Import Worker Mode flag is 0x00
Begin MonoManager ReloadAssembly
[Licensing::Client] Successfully resolved entitlement details
[Licensing::Module] License group:
  Id: 11270623184113-UnityPersXXXX
  Product: Unity Personal
  Type: Assigned
  Expiration: Unlimited
- Loaded All Assemblies, in  2.111 seconds
Refreshing native plugins compatible for Editor in 0.92 ms, found 3 plugins.
Native extension for WindowsStandalone target not found
Native extension for WebGL target not found
[Package Manager] Failed to launch server process. Reason: Unity was launched with the -noUpm command-line argument
[Package Manager] Unable to send message (not connected to server process).
[Package Manager] Cannot connect to Unity Package Manager local server
EXR error: Failed to parse EXR version info (TinyEXR error code: TINYEXR_ERROR_INVALID_MAGIC_NUMBER)
UnityEngine.Debug:ExtractStackTraceNoAlloc (byte*,int,string)
UnityEngine.StackTraceUtility:ExtractStackTrace ()
UnityEngine.ImageConversion:LoadImage (UnityEngine.Texture2D,System.ReadOnlySpan`1<byte>,bool)
UnityEngine.ImageConversion:LoadImage (UnityEngine.Texture2D,byte[])
Unity.PlasticSCM.Editor.UI.Images:GetNewTextureFromBytes (int,int,byte[]) (at ./Library/PackageCache/com.unity.collab-proxy@a5329f833fa8/Editor/UI/Images.cs:665)
Unity.PlasticSCM.Editor.UI.Images:GetNewTextureFromFile (string) (at ./Library/PackageCache/com.unity.collab-proxy@a5329f833fa8/Editor/UI/Images.cs:676)
Unity.PlasticSCM.Editor.UI.Images:LoadTextureFromFile (string) (at ./Library/PackageCache/com.unity.collab-proxy@a5329f833fa8/Editor/UI/Images.cs:847)
Unity.PlasticSCM.Editor.UI.Images:TryLoadImage (string,string,bool) (at ./Library/PackageCache/com.unity.collab-proxy@a5329f833fa8/Editor/UI/Images.cs:824)
Unity.PlasticSCM.Editor.UI.Images:LoadImage (Unity.PlasticSCM.Editor.UI.Images/Name,bool) (at ./Library/PackageCache/com.unity.collab-proxy@a5329f833fa8/Editor/UI/Images.cs:701)
Unity.PlasticSCM.Editor.UI.Images:GetImage (Unity.PlasticSCM.Editor.UI.Images/Name) (at ./Library/PackageCache/com.unity.collab-proxy@a5329f833fa8/Editor/UI/Images.cs:86)
Unity.PlasticSCM.Editor.UI.Images:GetPlasticViewIcon () (at ./Library/PackageCache/com.unity.collab-proxy@a5329f833fa8/Editor/UI/Images.cs:427)
Unity.PlasticSCM.Editor.Toolbar.UVCSToolbarButtonData:BuildDefault () (at ./Library/PackageCache/com.unity.collab-proxy@a5329f833fa8/Editor/UVCSToolbar/UVCSToolbarButtonData.cs:17)
Unity.PlasticSCM.Editor.Toolbar.ToolbarController:.ctor (Unity.PlasticSCM.Editor.UVCSPlugin) (at ./Library/PackageCache/com.unity.collab-proxy@a5329f833fa8/Editor/UVCSToolbar/ToolbarController.cs:441)
Unity.PlasticSCM.Editor.Toolbar.UVCSToolbar:.cctor () (at ./Library/PackageCache/com.unity.collab-proxy@a5329f833fa8/Editor/UVCSToolbar/UVCSToolbar.cs:12)
Assets.Plugins.PlasticSCM.Editor.Toolbar.UVCSToolbarBoostrap:.cctor () (at ./Library/PackageCache/com.unity.collab-proxy@a5329f833fa8/Editor/UnityInternals/UVCSToolbarBoostrap.cs:15)
System.Runtime.CompilerServices.RuntimeHelpers:RunClassConstructor (System.RuntimeTypeHandle)
UnityEditor.EditorAssemblies:ProcessInitializeOnLoadAttributes (System.Type[])

[./Library/PackageCache/com.unity.collab-proxy@a5329f833fa8/Editor/UI/Images.cs line 665]

[Package Manager] Failed to launch server process. Reason: Unity was launched with the -noUpm command-line argument
[Package Manager] Unable to send message (not connected to server process).
[Package Manager] Cannot connect to Unity Package Manager local server
ScheduleIndexationOnStartup MainProcess:False IndexOnStartup:True
Mono: successfully reloaded assembly
- Finished resetting the current domain, in  2.799 seconds
Domain Reload Profiling: 4898ms
	BeginReloadAssembly (469ms)
		ExecutionOrderSort (0ms)
		DisableScriptedObjects (12ms)
		BackupInstance (0ms)
		ReleaseScriptingObjects (0ms)
		CreateAndSetChildDomain (66ms)
	RebuildCommonClasses (196ms)
	RebuildNativeTypeToScriptingClass (61ms)
	initialDomainReloadingComplete (239ms)
	LoadAllAssembliesAndSetupDomain (1133ms)
		LoadAssemblies (933ms)
		RebuildTransferFunctionScriptingTraits (0ms)
		AnalyzeDomain (461ms)
			TypeCache.Refresh (373ms)
				TypeCache.ScanAssembly (354ms)
			BuildScriptInfoCaches (72ms)
			ResolveRequiredComponents (10ms)
	FinalizeReload (2800ms)
		ReleaseScriptCaches (0ms)
		RebuildScriptCaches (0ms)
		SetupLoadedEditorAssemblies (2366ms)
			LogAssemblyErrors (0ms)
			InitializePlatformSupportModulesInManaged (7ms)
			SetLoadedEditorAssemblies (8ms)
			BeforeProcessingInitializeOnLoad (420ms)
			ProcessInitializeOnLoadAttributes (1686ms)
			ProcessInitializeOnLoadMethodAttributes (218ms)
			AfterProcessingInitializeOnLoad (27ms)
			EditorAssembliesLoaded (1ms)
		ExecutionOrderSort2 (0ms)
		AwakeInstancesAfterBackupRestoration (28ms)
Launched and connected shader compiler UnityShaderCompiler.exe after 0.05 seconds
Refreshing native plugins compatible for Editor in 6.20 ms, found 3 plugins.
Preloading 0 native plugins for Editor in 0.00 ms.
Unloading 0 Unused Serialized files (Serialized files now loaded: 0)
Unloading 3894 unused Assets / (1.6 MB). Loaded Objects now: 4478.
Memory consumption went from 91.3 MB to 89.7 MB.
Total: 39.538900 ms (FindLiveObjects: 1.539200 ms CreateObjectMapping: 2.717000 ms MarkObjects: 25.096400 ms  DeleteObjects: 10.180900 ms)

========================================================================
Received Import Request.
  Time since last request: 316459.041761 seconds.
  path: Assets/Scenes/SampleScene/LightingData.asset
  artifactKey: Guid(2c028d2967bcdaf45b9529cf8f51cb27) Importer(2089858483,b0f066a214c2f5e87bad3c948f4d605d)
Start importing Assets/Scenes/SampleScene/LightingData.asset using Guid(2c028d2967bcdaf45b9529cf8f51cb27) Importer(2089858483,b0f066a214c2f5e87bad3c948f4d605d) (ScriptedImporter) -> (artifact id: '23c4a03d54f92053758460b9f64ab6de') in 0.2933537 seconds
Number of updated asset objects reloaded before import = 0Number of asset objects unloaded after import = 2

========================================================================
Received Import Request.
  Time since last request: 0.000035 seconds.
  path: Assets/Scenes/SampleScene
  artifactKey: Guid(6188c0a65db6cd846a9bd41f6e046e8f) Importer(2089858483,b0f066a214c2f5e87bad3c948f4d605d)
Start importing Assets/Scenes/SampleScene using Guid(6188c0a65db6cd846a9bd41f6e046e8f) Importer(2089858483,b0f066a214c2f5e87bad3c948f4d605d) (ScriptedImporter) -> (artifact id: 'fec7ace4a14b499f460e8fd5fb74c4b3') in 0.0089626 seconds
Number of updated asset objects reloaded before import = 0Number of asset objects unloaded after import = 1

========================================================================
Received Import Request.
  Time since last request: 2057.241190 seconds.
  path: Assets/Scenes/SampleScene.unity
  artifactKey: Guid(9fc0d4010bbf28b4594072e72b8655ab) Importer(2089858483,b0f066a214c2f5e87bad3c948f4d605d)
Start importing Assets/Scenes/SampleScene.unity using Guid(9fc0d4010bbf28b4594072e72b8655ab) Importer(2089858483,b0f066a214c2f5e87bad3c948f4d605d) (ScriptedImporter) -> (artifact id: 'f1b411940d0a2a840cf6edaef4698118') in 0.016879 seconds
Number of updated asset objects reloaded before import = 0Number of asset objects unloaded after import = 1

========================================================================
Received Import Request.
  Time since last request: 217.978049 seconds.
  path: Assets/New Terrain.asset
  artifactKey: Guid(4a1c48ba32a7ee44496e3ce6cf0a9047) Importer(2089858483,b0f066a214c2f5e87bad3c948f4d605d)
Start importing Assets/New Terrain.asset using Guid(4a1c48ba32a7ee44496e3ce6cf0a9047) Importer(2089858483,b0f066a214c2f5e87bad3c948f4d605d) (ScriptedImporter) -> (artifact id: '8d9453c243f7d25c7e573484a57ef359') in 0.0450337 seconds
Number of updated asset objects reloaded before import = 0Number of asset objects unloaded after import = 1

========================================================================
Received Import Request.
  Time since last request: 911.286943 seconds.
  path: Assets/New Terrain.asset
  artifactKey: Guid(4a1c48ba32a7ee44496e3ce6cf0a9047) Importer(2089858483,b0f066a214c2f5e87bad3c948f4d605d)
Start importing Assets/New Terrain.asset using Guid(4a1c48ba32a7ee44496e3ce6cf0a9047) Importer(2089858483,b0f066a214c2f5e87bad3c948f4d605d) (ScriptedImporter) -> (artifact id: '2baf8afb9078fbe84ff90681f408e690') in 0.0325171 seconds
Number of updated asset objects reloaded before import = 0Number of asset objects unloaded after import = 1

