[Licensing::Module] Trying to connect to existing licensing client channel...
Built from '6000.3/staging' branch; Version is '6000.3.11f1 (3000ef702840) revision 3145967'; Using compiler version '194234433'; Build Type 'Release'
OS: 'Windows 11  (10.0.26200) Professional' Language: 'en' Physical Memory: 16016 MB
BatchMode: 1, IsHumanControllingUs: 0, StartBugReporterOnCrash: 0, Is64bit: 1
[Licensing::IpcConnector] Successfully connected to: "LicenseClient-Personal" at "2026-09-26T11:14:44.7680506Z"
System  architecture: x64
Process architecture: x64
Date: 2026-09-26T11:14:44Z

COMMAND LINE ARGUMENTS:
C:\Program Files\Unity\Hub\Editor\6000.3.11f1\Editor\Unity.exe
-adb2
-batchMode
-noUpm
-name
AssetImportWorker2
-projectPath
D:/unity/unity projects/puungu
-logFile
Logs/AssetImportWorker2.log
-srvPort
64735
-licensingIpc
LicenseClient-Personal
-job-worker-count
5
-background-job-worker-count
8
-gc-helper-count
1
-name
AssetImport
Successfully changed project path to: D:/unity/unity projects/puungu
D:/unity/unity projects/puungu
[UnityMemory] Configuration Parameters - Can be set up in boot.config
    "memorysetup-temp-allocator-size-nav-mesh-worker=65536"
    "memorysetup-temp-allocator-size-audio-worker=65536"
    "memorysetup-temp-allocator-size-gfx=262144"
    "memorysetup-allocator-temp-initial-block-size-main=262144"
    "memorysetup-allocator-temp-initial-block-size-worker=262144"
    "memorysetup-temp-allocator-size-background-worker=32768"
    "memorysetup-temp-allocator-size-job-worker=262144"
    "memorysetup-temp-allocator-size-preload-manager=33554432"
    "memorysetup-temp-allocator-size-gi-baking-worker=262144"
    "memorysetup-temp-allocator-size-gi-baking-worker=262144"
    "memorysetup-temp-allocator-size-gi-baking-worker=262144"
    "memorysetup-temp-allocator-size-gi-baking-worker=262144"
    "memorysetup-temp-allocator-size-gi-baking-worker=262144"
    "memorysetup-bucket-allocator-granularity=16"
    "memorysetup-bucket-allocator-bucket-count=8"
    "memorysetup-bucket-allocator-block-size=33554432"
    "memorysetup-bucket-allocator-block-count=8"
    "memorysetup-main-allocator-block-size=16777216"
    "memorysetup-thread-allocator-block-size=16777216"
    "memorysetup-gfx-main-allocator-block-size=16777216"
    "memorysetup-gfx-thread-allocator-block-size=16777216"
    "memorysetup-cache-allocator-block-size=4194304"
    "memorysetup-typetree-allocator-block-size=2097152"
    "memorysetup-profiler-bucket-allocator-granularity=16"
    "memorysetup-profiler-bucket-allocator-bucket-count=8"
    "memorysetup-profiler-bucket-allocator-block-size=33554432"
    "memorysetup-profiler-bucket-allocator-block-count=8"
    "memorysetup-profiler-allocator-block-size=16777216"
    "memorysetup-profiler-editor-allocator-block-size=1048576"
    "memorysetup-temp-allocator-size-main=16777216"
    "memorysetup-job-temp-allocator-block-size=2097152"
    "memorysetup-job-temp-allocator-block-size-background=1048576"
    "memorysetup-job-temp-allocator-reduction-small-platforms=262144"
    "memorysetup-temp-allocator-size-cloud-worker=32768"
Player connection [22144]  Target information:

Player connection [22144]  * "[IP] 10.6.8.45 [Port] 0 [Flags] 2 [Guid] 1357213052 [EditorId] 1357213052 [Version] 1048832 [Id] WindowsEditor(7,EDGAR) [Debug] 1 [PackageName] WindowsEditor [ProjectName] Editor" 

Player connection [22144]  * "[IP] 192.168.137.1 [Port] 0 [Flags] 2 [Guid] 1357213052 [EditorId] 1357213052 [Version] 1048832 [Id] WindowsEditor(7,EDGAR) [Debug] 1 [PackageName] WindowsEditor [ProjectName] Editor" 

Player connection [22144] Host joined multi-casting on [225.0.0.222:54997]...
Player connection [22144] Host joined alternative multi-casting on [225.0.0.222:34997]...
JobSystem: Creating JobQueue using job-worker-count value 5
Input System module state changed to: Initialized.
[Physics::Module] Initialized fallback backend.
[Physics::Module] Id: 0xdecafbad
Library Redirect Path: Library/
[Physics::Module] Selected backend.
[Physics::Module] Name: PhysX
[Physics::Module] Id: 0xf2b8ea05
[Physics::Module] SDK Version: 4.1.2
[Physics::Module] Integration Version: 1.0.0
[Physics::Module] Threading Mode: Multi-Threaded
Refreshing native plugins compatible for Editor in 6.39 ms, found 3 plugins.
Preloading 0 native plugins for Editor in 0.00 ms.
Initialize engine version: 6000.3.11f1 (3000ef702840)
[Subsystems] Discovering subsystems at path C:/Program Files/Unity/Hub/Editor/6000.3.11f1/Editor/Data/Resources/UnitySubsystems
[Subsystems] Discovering subsystems at path D:/unity/unity projects/puungu/Assets
GfxDevice: creating device client; kGfxThreadingModeNonThreaded
Direct3D:
    Version:  Direct3D 11.0 [level 11.1]
    Renderer: Intel(R) Iris(R) Xe Graphics (ID=0xa7a1)
    Vendor:   Intel
    VRAM:     8008 MB
    Driver:   32.0.101.7088
Initialize mono
Mono path[0] = 'C:/Program Files/Unity/Hub/Editor/6000.3.11f1/Editor/Data/Managed'
Mono path[1] = 'C:/Program Files/Unity/Hub/Editor/6000.3.11f1/Editor/Data/MonoBleedingEdge/lib/mono/unityjit-win32'
Mono config path = 'C:/Program Files/Unity/Hub/Editor/6000.3.11f1/Editor/Data/MonoBleedingEdge/etc'
Using monoOptions --debugger-agent=transport=dt_socket,embedding=1,server=y,suspend=n,address=127.0.0.1:56532
Begin MonoManager ReloadAssembly
Registering precompiled unity dll's ...
Register platform support module: C:/Program Files/Unity/Hub/Editor/6000.3.11f1/Editor/Data/PlaybackEngines/WebGLSupport/UnityEditor.WebGL.Extensions.dll
Register platform support module: C:/Program Files/Unity/Hub/Editor/6000.3.11f1/Editor/Data/PlaybackEngines/WindowsStandaloneSupport/UnityEditor.WindowsStandalone.Extensions.dll
Registered in 0.004368 seconds.
- Loaded All Assemblies, in  0.565 seconds
Native extension for WindowsStandalone target not found
Native extension for WebGL target not found
[Licensing::Client] Error: HandshakeResponse reported an error:
	ResponseCode: 505
	ResponseStatus: Unsupported protocol version '1.18.0'.
[Licensing::Module] Error: Failed to handshake to channel: "LicenseClient-Personal"
[Licensing::IpcConnector] LicenseClient-Personal channel disconnected successfully.
[Licensing::IpcConnector] Successfully connected to: "LicenseClient-Personal-6000.3.11" at "2026-09-26T11:14:46.2997548Z"
Package Manager log level set to [2]
[Package Manager] Failed to launch server process. Reason: Unity was launched with the -noUpm command-line argument
[Package Manager] Unable to send message (not connected to server process).
[Package Manager] Cannot connect to Unity Package Manager local server
ScheduleIndexationOnStartup MainProcess:False IndexOnStartup:True
Mono: successfully reloaded assembly
- Finished resetting the current domain, in  0.523 seconds
Domain Reload Profiling: 1086ms
	BeginReloadAssembly (217ms)
		ExecutionOrderSort (0ms)
		DisableScriptedObjects (0ms)
		BackupInstance (0ms)
		ReleaseScriptingObjects (0ms)
		CreateAndSetChildDomain (1ms)
	RebuildCommonClasses (48ms)
	RebuildNativeTypeToScriptingClass (14ms)
	initialDomainReloadingComplete (57ms)
	LoadAllAssembliesAndSetupDomain (227ms)
		LoadAssemblies (216ms)
		RebuildTransferFunctionScriptingTraits (0ms)
		AnalyzeDomain (221ms)
			TypeCache.Refresh (218ms)
				TypeCache.ScanAssembly (201ms)
			BuildScriptInfoCaches (0ms)
			ResolveRequiredComponents (1ms)
	FinalizeReload (523ms)
		ReleaseScriptCaches (0ms)
		RebuildScriptCaches (0ms)
		SetupLoadedEditorAssemblies (472ms)
			LogAssemblyErrors (0ms)
			InitializePlatformSupportModulesInManaged (71ms)
			SetLoadedEditorAssemblies (5ms)
			BeforeProcessingInitializeOnLoad (104ms)
			ProcessInitializeOnLoadAttributes (170ms)
			ProcessInitializeOnLoadMethodAttributes (121ms)
			AfterProcessingInitializeOnLoad (0ms)
			EditorAssembliesLoaded (0ms)
		ExecutionOrderSort2 (0ms)
		AwakeInstancesAfterBackupRestoration (0ms)
[Licensing::Client] Handshaking with LicensingClient:
  Version:                 1.18.0+23225a6
  Session Id:              32c0f0e7ffad41a696f679e8f472bad9
  Correlation Id:          c14f01eb56f06b95ad722ac5cc1fbcfc
  External correlation Id: 6367882400693900434
  Machine Id:              Dq+sTHgY3thsuf9cGb9YCd6w1aE=
[Licensing::Module] Successfully connected to LicensingClient on channel: "LicenseClient-Personal-6000.3.11" (connect: 0.00s, validation: 0.00s, handshake: 0.24s)
[Licensing::IpcConnector] Successfully connected to: "LicenseClient-Personal-6000.3.11-notifications" at "2026-09-26T11:14:46.5397417Z"
[Licensing::Module] Licensing Background thread has ended after 1.77s
========================================================================
Worker process is ready to serve import requests
Import Worker Mode flag is 0x00
Begin MonoManager ReloadAssembly
[Licensing::Client] Successfully resolved entitlement details
[Licensing::Module] License group:
  Id: 11270623184113-UnityPersXXXX
  Product: Unity Personal
  Type: Assigned
  Expiration: Unlimited
- Loaded All Assemblies, in  0.845 seconds
Refreshing native plugins compatible for Editor in 0.51 ms, found 3 plugins.
Native extension for WindowsStandalone target not found
Native extension for WebGL target not found
[Package Manager] Failed to launch server process. Reason: Unity was launched with the -noUpm command-line argument
[Package Manager] Unable to send message (not connected to server process).
[Package Manager] Cannot connect to Unity Package Manager local server
EXR error: Failed to parse EXR version info (TinyEXR error code: TINYEXR_ERROR_INVALID_MAGIC_NUMBER)
UnityEngine.Debug:ExtractStackTraceNoAlloc (byte*,int,string)
UnityEngine.StackTraceUtility:ExtractStackTrace ()
UnityEngine.ImageConversion:LoadImage (UnityEngine.Texture2D,System.ReadOnlySpan`1<byte>,bool)
UnityEngine.ImageConversion:LoadImage (UnityEngine.Texture2D,byte[])
Unity.PlasticSCM.Editor.UI.Images:GetNewTextureFromBytes (int,int,byte[]) (at ./Library/PackageCache/com.unity.collab-proxy@a5329f833fa8/Editor/UI/Images.cs:665)
Unity.PlasticSCM.Editor.UI.Images:GetNewTextureFromFile (string) (at ./Library/PackageCache/com.unity.collab-proxy@a5329f833fa8/Editor/UI/Images.cs:676)
Unity.PlasticSCM.Editor.UI.Images:LoadTextureFromFile (string) (at ./Library/PackageCache/com.unity.collab-proxy@a5329f833fa8/Editor/UI/Images.cs:847)
Unity.PlasticSCM.Editor.UI.Images:TryLoadImage (string,string,bool) (at ./Library/PackageCache/com.unity.collab-proxy@a5329f833fa8/Editor/UI/Images.cs:824)
Unity.PlasticSCM.Editor.UI.Images:LoadImage (Unity.PlasticSCM.Editor.UI.Images/Name,bool) (at ./Library/PackageCache/com.unity.collab-proxy@a5329f833fa8/Editor/UI/Images.cs:701)
Unity.PlasticSCM.Editor.UI.Images:GetImage (Unity.PlasticSCM.Editor.UI.Images/Name) (at ./Library/PackageCache/com.unity.collab-proxy@a5329f833fa8/Editor/UI/Images.cs:86)
Unity.PlasticSCM.Editor.UI.Images:GetPlasticViewIcon () (at ./Library/PackageCache/com.unity.collab-proxy@a5329f833fa8/Editor/UI/Images.cs:427)
Unity.PlasticSCM.Editor.Toolbar.UVCSToolbarButtonData:BuildDefault () (at ./Library/PackageCache/com.unity.collab-proxy@a5329f833fa8/Editor/UVCSToolbar/UVCSToolbarButtonData.cs:17)
Unity.PlasticSCM.Editor.Toolbar.ToolbarController:.ctor (Unity.PlasticSCM.Editor.UVCSPlugin) (at ./Library/PackageCache/com.unity.collab-proxy@a5329f833fa8/Editor/UVCSToolbar/ToolbarController.cs:441)
Unity.PlasticSCM.Editor.Toolbar.UVCSToolbar:.cctor () (at ./Library/PackageCache/com.unity.collab-proxy@a5329f833fa8/Editor/UVCSToolbar/UVCSToolbar.cs:12)
Assets.Plugins.PlasticSCM.Editor.Toolbar.UVCSToolbarBoostrap:.cctor () (at ./Library/PackageCache/com.unity.collab-proxy@a5329f833fa8/Editor/UnityInternals/UVCSToolbarBoostrap.cs:15)
System.Runtime.CompilerServices.RuntimeHelpers:RunClassConstructor (System.RuntimeTypeHandle)
UnityEditor.EditorAssemblies:ProcessInitializeOnLoadAttributes (System.Type[])

[./Library/PackageCache/com.unity.collab-proxy@a5329f833fa8/Editor/UI/Images.cs line 665]

[Package Manager] Failed to launch server process. Reason: Unity was launched with the -noUpm command-line argument
[Package Manager] Unable to send message (not connected to server process).
[Package Manager] Cannot connect to Unity Package Manager local server
ScheduleIndexationOnStartup MainProcess:False IndexOnStartup:True
Mono: successfully reloaded assembly
- Finished resetting the current domain, in  0.705 seconds
Domain Reload Profiling: 1549ms
	BeginReloadAssembly (220ms)
		ExecutionOrderSort (0ms)
		DisableScriptedObjects (7ms)
		BackupInstance (0ms)
		ReleaseScriptingObjects (0ms)
		CreateAndSetChildDomain (31ms)
	RebuildCommonClasses (45ms)
	RebuildNativeTypeToScriptingClass (14ms)
	initialDomainReloadingComplete (40ms)
	LoadAllAssembliesAndSetupDomain (524ms)
		LoadAssemblies (417ms)
		RebuildTransferFunctionScriptingTraits (0ms)
		AnalyzeDomain (230ms)
			TypeCache.Refresh (173ms)
				TypeCache.ScanAssembly (159ms)
			BuildScriptInfoCaches (47ms)
			ResolveRequiredComponents (6ms)
	FinalizeReload (706ms)
		ReleaseScriptCaches (0ms)
		RebuildScriptCaches (0ms)
		SetupLoadedEditorAssemblies (572ms)
			LogAssemblyErrors (0ms)
			InitializePlatformSupportModulesInManaged (3ms)
			SetLoadedEditorAssemblies (4ms)
			BeforeProcessingInitializeOnLoad (134ms)
			ProcessInitializeOnLoadAttributes (379ms)
			ProcessInitializeOnLoadMethodAttributes (46ms)
			AfterProcessingInitializeOnLoad (5ms)
			EditorAssembliesLoaded (0ms)
		ExecutionOrderSort2 (0ms)
		AwakeInstancesAfterBackupRestoration (8ms)
Launched and connected shader compiler UnityShaderCompiler.exe after 0.04 seconds
Refreshing native plugins compatible for Editor in 0.65 ms, found 3 plugins.
Preloading 0 native plugins for Editor in 0.00 ms.
Unloading 0 Unused Serialized files (Serialized files now loaded: 0)
Unloading 3894 unused Assets / (1.1 MB). Loaded Objects now: 4496.
Memory consumption went from 104.7 MB to 103.6 MB.
Total: 7.041700 ms (FindLiveObjects: 0.328400 ms CreateObjectMapping: 0.188600 ms MarkObjects: 5.556500 ms  DeleteObjects: 0.966500 ms)

========================================================================
Received Import Request.
  Time since last request: 194368.380032 seconds.
  path: Assets/probs/ancient+wooden+staff+3d+model/tripo_convert_35f64f01-e551-4ace-b481-664c5eea5c8a.fbx
  artifactKey: Guid(85365304a6a34b54a8f9ea2f24f669ab) Importer(815301076,1909f56bfc062723c751e8b465ee728b)
Start importing Assets/probs/ancient+wooden+staff+3d+model/tripo_convert_35f64f01-e551-4ace-b481-664c5eea5c8a.fbx using Guid(85365304a6a34b54a8f9ea2f24f669ab) Importer(815301076,1909f56bfc062723c751e8b465ee728b) (PreviewImporter) -> (artifact id: '79a55e0477f4abecaca58f1f74ba6f9a') in 0.3828265 seconds
Number of updated asset objects reloaded before import = 0Number of asset objects unloaded after import = 10

========================================================================
Received Import Request.
  Time since last request: 8.871204 seconds.
  path: Assets/probs/ancient+wooden+staff+3d+model/staff bear staff.fbx
  artifactKey: Guid(85365304a6a34b54a8f9ea2f24f669ab) Importer(815301076,1909f56bfc062723c751e8b465ee728b)
Start importing Assets/probs/ancient+wooden+staff+3d+model/staff bear staff.fbx using Guid(85365304a6a34b54a8f9ea2f24f669ab) Importer(815301076,1909f56bfc062723c751e8b465ee728b) (PreviewImporter) -> (artifact id: '1f3f2a2b9baa8e3c07898f63626f504a') in 0.0307358 seconds
Number of updated asset objects reloaded before import = 0Number of asset objects unloaded after import = 10

========================================================================
Received Import Request.
  Time since last request: 0.933262 seconds.
  path: Assets/probs/ancient+wooden+staff+3d+model/staff bear staff.fbx
  artifactKey: Guid(85365304a6a34b54a8f9ea2f24f669ab) Importer(2089858483,b0f066a214c2f5e87bad3c948f4d605d)
Start importing Assets/probs/ancient+wooden+staff+3d+model/staff bear staff.fbx using Guid(85365304a6a34b54a8f9ea2f24f669ab) Importer(2089858483,b0f066a214c2f5e87bad3c948f4d605d) (ScriptedImporter) -> (artifact id: '2138f463c9e0b783c6048812f134c115') in 0.1998289 seconds
Number of updated asset objects reloaded before import = 0Number of asset objects unloaded after import = 10

========================================================================
Received Import Request.
  Time since last request: 1314.418103 seconds.
  path: Assets/Scenes/SampleScene.unity
  artifactKey: Guid(9fc0d4010bbf28b4594072e72b8655ab) Importer(2089858483,b0f066a214c2f5e87bad3c948f4d605d)
Start importing Assets/Scenes/SampleScene.unity using Guid(9fc0d4010bbf28b4594072e72b8655ab) Importer(2089858483,b0f066a214c2f5e87bad3c948f4d605d) (ScriptedImporter) -> (artifact id: '7015e62dbdef7563e354e89f827e2764') in 0.0064967 seconds
Number of updated asset objects reloaded before import = 0Number of asset objects unloaded after import = 1

========================================================================
Received Prepare
Begin MonoManager ReloadAssembly
[Licensing::Client] Successfully resolved entitlement details
- Loaded All Assemblies, in  0.834 seconds
Refreshing native plugins compatible for Editor in 0.63 ms, found 3 plugins.
Native extension for WindowsStandalone target not found
Native extension for WebGL target not found
[Package Manager] Failed to launch server process. Reason: Unity was launched with the -noUpm command-line argument
[Package Manager] Unable to send message (not connected to server process).
[Package Manager] Cannot connect to Unity Package Manager local server
EXR error: Failed to parse EXR version info (TinyEXR error code: TINYEXR_ERROR_INVALID_MAGIC_NUMBER)
UnityEngine.Debug:ExtractStackTraceNoAlloc (byte*,int,string)
UnityEngine.StackTraceUtility:ExtractStackTrace ()
UnityEngine.ImageConversion:LoadImage (UnityEngine.Texture2D,System.ReadOnlySpan`1<byte>,bool)
UnityEngine.ImageConversion:LoadImage (UnityEngine.Texture2D,byte[])
Unity.PlasticSCM.Editor.UI.Images:GetNewTextureFromBytes (int,int,byte[]) (at ./Library/PackageCache/com.unity.collab-proxy@a5329f833fa8/Editor/UI/Images.cs:665)
Unity.PlasticSCM.Editor.UI.Images:GetNewTextureFromFile (string) (at ./Library/PackageCache/com.unity.collab-proxy@a5329f833fa8/Editor/UI/Images.cs:676)
Unity.PlasticSCM.Editor.UI.Images:LoadTextureFromFile (string) (at ./Library/PackageCache/com.unity.collab-proxy@a5329f833fa8/Editor/UI/Images.cs:847)
Unity.PlasticSCM.Editor.UI.Images:TryLoadImage (string,string,bool) (at ./Library/PackageCache/com.unity.collab-proxy@a5329f833fa8/Editor/UI/Images.cs:824)
Unity.PlasticSCM.Editor.UI.Images:LoadImage (Unity.PlasticSCM.Editor.UI.Images/Name,bool) (at ./Library/PackageCache/com.unity.collab-proxy@a5329f833fa8/Editor/UI/Images.cs:701)
Unity.PlasticSCM.Editor.UI.Images:GetImage (Unity.PlasticSCM.Editor.UI.Images/Name) (at ./Library/PackageCache/com.unity.collab-proxy@a5329f833fa8/Editor/UI/Images.cs:86)
Unity.PlasticSCM.Editor.UI.Images:GetPlasticViewIcon () (at ./Library/PackageCache/com.unity.collab-proxy@a5329f833fa8/Editor/UI/Images.cs:427)
Unity.PlasticSCM.Editor.Toolbar.UVCSToolbarButtonData:BuildDefault () (at ./Library/PackageCache/com.unity.collab-proxy@a5329f833fa8/Editor/UVCSToolbar/UVCSToolbarButtonData.cs:17)
Unity.PlasticSCM.Editor.Toolbar.ToolbarController:.ctor (Unity.PlasticSCM.Editor.UVCSPlugin) (at ./Library/PackageCache/com.unity.collab-proxy@a5329f833fa8/Editor/UVCSToolbar/ToolbarController.cs:441)
Unity.PlasticSCM.Editor.Toolbar.UVCSToolbar:.cctor () (at ./Library/PackageCache/com.unity.collab-proxy@a5329f833fa8/Editor/UVCSToolbar/UVCSToolbar.cs:12)
Assets.Plugins.PlasticSCM.Editor.Toolbar.UVCSToolbarBoostrap:.cctor () (at ./Library/PackageCache/com.unity.collab-proxy@a5329f833fa8/Editor/UnityInternals/UVCSToolbarBoostrap.cs:15)
System.Runtime.CompilerServices.RuntimeHelpers:RunClassConstructor (System.RuntimeTypeHandle)
UnityEditor.EditorAssemblies:ProcessInitializeOnLoadAttributes (System.Type[])

[./Library/PackageCache/com.unity.collab-proxy@a5329f833fa8/Editor/UI/Images.cs line 665]

[Package Manager] Failed to launch server process. Reason: Unity was launched with the -noUpm command-line argument
[Package Manager] Unable to send message (not connected to server process).
[Package Manager] Cannot connect to Unity Package Manager local server
ScheduleIndexationOnStartup MainProcess:False IndexOnStartup:True
Mono: successfully reloaded assembly
- Finished resetting the current domain, in  1.647 seconds
Domain Reload Profiling: 2478ms
	BeginReloadAssembly (274ms)
		ExecutionOrderSort (0ms)
		DisableScriptedObjects (12ms)
		BackupInstance (0ms)
		ReleaseScriptingObjects (0ms)
		CreateAndSetChildDomain (56ms)
	RebuildCommonClasses (42ms)
	RebuildNativeTypeToScriptingClass (23ms)
	initialDomainReloadingComplete (43ms)
	LoadAllAssembliesAndSetupDomain (448ms)
		LoadAssemblies (373ms)
		RebuildTransferFunctionScriptingTraits (0ms)
		AnalyzeDomain (202ms)
			TypeCache.Refresh (7ms)
				TypeCache.ScanAssembly (0ms)
			BuildScriptInfoCaches (184ms)
			ResolveRequiredComponents (7ms)
	FinalizeReload (1648ms)
		ReleaseScriptCaches (0ms)
		RebuildScriptCaches (0ms)
		SetupLoadedEditorAssemblies (1297ms)
			LogAssemblyErrors (0ms)
			InitializePlatformSupportModulesInManaged (8ms)
			SetLoadedEditorAssemblies (11ms)
			BeforeProcessingInitializeOnLoad (307ms)
			ProcessInitializeOnLoadAttributes (840ms)
			ProcessInitializeOnLoadMethodAttributes (124ms)
			AfterProcessingInitializeOnLoad (7ms)
			EditorAssembliesLoaded (0ms)
		ExecutionOrderSort2 (0ms)
		AwakeInstancesAfterBackupRestoration (18ms)
Refreshing native plugins compatible for Editor in 0.73 ms, found 3 plugins.
Preloading 0 native plugins for Editor in 0.00 ms.
Unloading 0 Unused Serialized files (Serialized files now loaded: 0)
Unloading 3892 unused Assets / (0.8 MB). Loaded Objects now: 4542.
Memory consumption went from 106.3 MB to 105.5 MB.
Total: 15.133600 ms (FindLiveObjects: 1.493600 ms CreateObjectMapping: 1.519000 ms MarkObjects: 10.703800 ms  DeleteObjects: 1.415000 ms)

Prepare: number of updated asset objects reloaded= 0
========================================================================
Received Prepare
Begin MonoManager ReloadAssembly
[Licensing::Client] Successfully resolved entitlement details
- Loaded All Assemblies, in  0.867 seconds
Refreshing native plugins compatible for Editor in 2.57 ms, found 3 plugins.
Native extension for WindowsStandalone target not found
Native extension for WebGL target not found
[Package Manager] Failed to launch server process. Reason: Unity was launched with the -noUpm command-line argument
[Package Manager] Unable to send message (not connected to server process).
[Package Manager] Cannot connect to Unity Package Manager local server
EXR error: Failed to parse EXR version info (TinyEXR error code: TINYEXR_ERROR_INVALID_MAGIC_NUMBER)
UnityEngine.Debug:ExtractStackTraceNoAlloc (byte*,int,string)
UnityEngine.StackTraceUtility:ExtractStackTrace ()
UnityEngine.ImageConversion:LoadImage (UnityEngine.Texture2D,System.ReadOnlySpan`1<byte>,bool)
UnityEngine.ImageConversion:LoadImage (UnityEngine.Texture2D,byte[])
Unity.PlasticSCM.Editor.UI.Images:GetNewTextureFromBytes (int,int,byte[]) (at ./Library/PackageCache/com.unity.collab-proxy@a5329f833fa8/Editor/UI/Images.cs:665)
Unity.PlasticSCM.Editor.UI.Images:GetNewTextureFromFile (string) (at ./Library/PackageCache/com.unity.collab-proxy@a5329f833fa8/Editor/UI/Images.cs:676)
Unity.PlasticSCM.Editor.UI.Images:LoadTextureFromFile (string) (at ./Library/PackageCache/com.unity.collab-proxy@a5329f833fa8/Editor/UI/Images.cs:847)
Unity.PlasticSCM.Editor.UI.Images:TryLoadImage (string,string,bool) (at ./Library/PackageCache/com.unity.collab-proxy@a5329f833fa8/Editor/UI/Images.cs:824)
Unity.PlasticSCM.Editor.UI.Images:LoadImage (Unity.PlasticSCM.Editor.UI.Images/Name,bool) (at ./Library/PackageCache/com.unity.collab-proxy@a5329f833fa8/Editor/UI/Images.cs:701)
Unity.PlasticSCM.Editor.UI.Images:GetImage (Unity.PlasticSCM.Editor.UI.Images/Name) (at ./Library/PackageCache/com.unity.collab-proxy@a5329f833fa8/Editor/UI/Images.cs:86)
Unity.PlasticSCM.Editor.UI.Images:GetPlasticViewIcon () (at ./Library/PackageCache/com.unity.collab-proxy@a5329f833fa8/Editor/UI/Images.cs:427)
Unity.PlasticSCM.Editor.Toolbar.UVCSToolbarButtonData:BuildDefault () (at ./Library/PackageCache/com.unity.collab-proxy@a5329f833fa8/Editor/UVCSToolbar/UVCSToolbarButtonData.cs:17)
Unity.PlasticSCM.Editor.Toolbar.ToolbarController:.ctor (Unity.PlasticSCM.Editor.UVCSPlugin) (at ./Library/PackageCache/com.unity.collab-proxy@a5329f833fa8/Editor/UVCSToolbar/ToolbarController.cs:441)
Unity.PlasticSCM.Editor.Toolbar.UVCSToolbar:.cctor () (at ./Library/PackageCache/com.unity.collab-proxy@a5329f833fa8/Editor/UVCSToolbar/UVCSToolbar.cs:12)
Assets.Plugins.PlasticSCM.Editor.Toolbar.UVCSToolbarBoostrap:.cctor () (at ./Library/PackageCache/com.unity.collab-proxy@a5329f833fa8/Editor/UnityInternals/UVCSToolbarBoostrap.cs:15)
System.Runtime.CompilerServices.RuntimeHelpers:RunClassConstructor (System.RuntimeTypeHandle)
UnityEditor.EditorAssemblies:ProcessInitializeOnLoadAttributes (System.Type[])

[./Library/PackageCache/com.unity.collab-proxy@a5329f833fa8/Editor/UI/Images.cs line 665]

[Package Manager] Failed to launch server process. Reason: Unity was launched with the -noUpm command-line argument
[Package Manager] Unable to send message (not connected to server process).
[Package Manager] Cannot connect to Unity Package Manager local server
ScheduleIndexationOnStartup MainProcess:False IndexOnStartup:True
Mono: successfully reloaded assembly
- Finished resetting the current domain, in  1.348 seconds
Domain Reload Profiling: 2219ms
	BeginReloadAssembly (256ms)
		ExecutionOrderSort (0ms)
		DisableScriptedObjects (6ms)
		BackupInstance (0ms)
		ReleaseScriptingObjects (0ms)
		CreateAndSetChildDomain (45ms)
	RebuildCommonClasses (60ms)
	RebuildNativeTypeToScriptingClass (16ms)
	initialDomainReloadingComplete (34ms)
	LoadAllAssembliesAndSetupDomain (505ms)
		LoadAssemblies (385ms)
		RebuildTransferFunctionScriptingTraits (0ms)
		AnalyzeDomain (258ms)
			TypeCache.Refresh (12ms)
				TypeCache.ScanAssembly (0ms)
			BuildScriptInfoCaches (234ms)
			ResolveRequiredComponents (7ms)
	FinalizeReload (1349ms)
		ReleaseScriptCaches (0ms)
		RebuildScriptCaches (0ms)
		SetupLoadedEditorAssemblies (1002ms)
			LogAssemblyErrors (0ms)
			InitializePlatformSupportModulesInManaged (10ms)
			SetLoadedEditorAssemblies (8ms)
			BeforeProcessingInitializeOnLoad (299ms)
			ProcessInitializeOnLoadAttributes (586ms)
			ProcessInitializeOnLoadMethodAttributes (90ms)
			AfterProcessingInitializeOnLoad (8ms)
			EditorAssembliesLoaded (0ms)
		ExecutionOrderSort2 (0ms)
		AwakeInstancesAfterBackupRestoration (10ms)
Refreshing native plugins compatible for Editor in 1.73 ms, found 3 plugins.
Preloading 0 native plugins for Editor in 0.00 ms.
Unloading 0 Unused Serialized files (Serialized files now loaded: 0)
Unloading 3892 unused Assets / (0.7 MB). Loaded Objects now: 4543.
Memory consumption went from 106.3 MB to 105.6 MB.
Total: 10.289600 ms (FindLiveObjects: 1.076900 ms CreateObjectMapping: 0.439700 ms MarkObjects: 7.753900 ms  DeleteObjects: 1.013600 ms)

Prepare: number of updated asset objects reloaded= 0
