[Licensing::Module] Trying to connect to existing licensing client channel...
Built from '6000.3/staging' branch; Version is '6000.3.11f1 (3000ef702840) revision 3145967'; Using compiler version '194234433'; Build Type 'Release'
OS: 'Windows 11  (10.0.26200) Professional' Language: 'en' Physical Memory: 16016 MB
BatchMode: 1, IsHumanControllingUs: 0, StartBugReporterOnCrash: 0, Is64bit: 1
System  architecture: x64
[Licensing::IpcConnector] Successfully connected to: "LicenseClient-Personal" at "2026-09-23T12:04:42.424796Z"
Process architecture: x64
Date: 2026-09-23T12:04:42Z

COMMAND LINE ARGUMENTS:
C:\Program Files\Unity\Hub\Editor\6000.3.11f1\Editor\Unity.exe
-adb2
-batchMode
-noUpm
-name
AssetImportWorker2
-projectPath
D:/unity/unity projects/puungu
-logFile
Logs/AssetImportWorker2.log
-srvPort
59213
-licensingIpc
LicenseClient-Personal
-job-worker-count
5
-background-job-worker-count
8
-gc-helper-count
1
-name
AssetImport
Successfully changed project path to: D:/unity/unity projects/puungu
D:/unity/unity projects/puungu
[UnityMemory] Configuration Parameters - Can be set up in boot.config
    "memorysetup-temp-allocator-size-nav-mesh-worker=65536"
    "memorysetup-temp-allocator-size-audio-worker=65536"
    "memorysetup-temp-allocator-size-gfx=262144"
    "memorysetup-allocator-temp-initial-block-size-main=262144"
    "memorysetup-allocator-temp-initial-block-size-worker=262144"
    "memorysetup-temp-allocator-size-background-worker=32768"
    "memorysetup-temp-allocator-size-job-worker=262144"
    "memorysetup-temp-allocator-size-preload-manager=33554432"
    "memorysetup-temp-allocator-size-gi-baking-worker=262144"
    "memorysetup-temp-allocator-size-gi-baking-worker=262144"
    "memorysetup-temp-allocator-size-gi-baking-worker=262144"
    "memorysetup-temp-allocator-size-gi-baking-worker=262144"
    "memorysetup-temp-allocator-size-gi-baking-worker=262144"
    "memorysetup-bucket-allocator-granularity=16"
    "memorysetup-bucket-allocator-bucket-count=8"
    "memorysetup-bucket-allocator-block-size=33554432"
    "memorysetup-bucket-allocator-block-count=8"
    "memorysetup-main-allocator-block-size=16777216"
    "memorysetup-thread-allocator-block-size=16777216"
    "memorysetup-gfx-main-allocator-block-size=16777216"
    "memorysetup-gfx-thread-allocator-block-size=16777216"
    "memorysetup-cache-allocator-block-size=4194304"
    "memorysetup-typetree-allocator-block-size=2097152"
    "memorysetup-profiler-bucket-allocator-granularity=16"
    "memorysetup-profiler-bucket-allocator-bucket-count=8"
    "memorysetup-profiler-bucket-allocator-block-size=33554432"
    "memorysetup-profiler-bucket-allocator-block-count=8"
    "memorysetup-profiler-allocator-block-size=16777216"
    "memorysetup-profiler-editor-allocator-block-size=1048576"
    "memorysetup-temp-allocator-size-main=16777216"
    "memorysetup-job-temp-allocator-block-size=2097152"
    "memorysetup-job-temp-allocator-block-size-background=1048576"
    "memorysetup-job-temp-allocator-reduction-small-platforms=262144"
    "memorysetup-temp-allocator-size-cloud-worker=32768"
Player connection [8216]  Target information:

Player connection [8216]  * "[IP] 10.7.18.65 [Port] 0 [Flags] 2 [Guid] 2543217403 [EditorId] 2543217403 [Version] 1048832 [Id] WindowsEditor(7,EDGAR) [Debug] 1 [PackageName] WindowsEditor [ProjectName] Editor" 

Player connection [8216] Host joined multi-casting on [225.0.0.222:54997]...
Player connection [8216] Host joined alternative multi-casting on [225.0.0.222:34997]...
JobSystem: Creating JobQueue using job-worker-count value 5
Input System module state changed to: Initialized.
[Physics::Module] Initialized fallback backend.
[Physics::Module] Id: 0xdecafbad
Library Redirect Path: Library/
[Physics::Module] Selected backend.
[Physics::Module] Name: PhysX
[Physics::Module] Id: 0xf2b8ea05
[Physics::Module] SDK Version: 4.1.2
[Physics::Module] Integration Version: 1.0.0
[Physics::Module] Threading Mode: Multi-Threaded
Refreshing native plugins compatible for Editor in 6.30 ms, found 3 plugins.
Preloading 0 native plugins for Editor in 0.00 ms.
Initialize engine version: 6000.3.11f1 (3000ef702840)
[Subsystems] Discovering subsystems at path C:/Program Files/Unity/Hub/Editor/6000.3.11f1/Editor/Data/Resources/UnitySubsystems
[Subsystems] Discovering subsystems at path D:/unity/unity projects/puungu/Assets
GfxDevice: creating device client; kGfxThreadingModeNonThreaded
Direct3D:
    Version:  Direct3D 11.0 [level 11.1]
    Renderer: Intel(R) Iris(R) Xe Graphics (ID=0xa7a1)
    Vendor:   Intel
    VRAM:     8008 MB
    Driver:   32.0.101.7088
Initialize mono
Mono path[0] = 'C:/Program Files/Unity/Hub/Editor/6000.3.11f1/Editor/Data/Managed'
Mono path[1] = 'C:/Program Files/Unity/Hub/Editor/6000.3.11f1/Editor/Data/MonoBleedingEdge/lib/mono/unityjit-win32'
Mono config path = 'C:/Program Files/Unity/Hub/Editor/6000.3.11f1/Editor/Data/MonoBleedingEdge/etc'
Using monoOptions --debugger-agent=transport=dt_socket,embedding=1,server=y,suspend=n,address=127.0.0.1:56236
Begin MonoManager ReloadAssembly
Registering precompiled unity dll's ...
Register platform support module: C:/Program Files/Unity/Hub/Editor/6000.3.11f1/Editor/Data/PlaybackEngines/WebGLSupport/UnityEditor.WebGL.Extensions.dll
Register platform support module: C:/Program Files/Unity/Hub/Editor/6000.3.11f1/Editor/Data/PlaybackEngines/WindowsStandaloneSupport/UnityEditor.WindowsStandalone.Extensions.dll
Registered in 0.006661 seconds.
- Loaded All Assemblies, in  1.285 seconds
Native extension for WindowsStandalone target not found
Native extension for WebGL target not found
Package Manager log level set to [2]
[Package Manager] Failed to launch server process. Reason: Unity was launched with the -noUpm command-line argument
[Package Manager] Unable to send message (not connected to server process).
[Package Manager] Cannot connect to Unity Package Manager local server
[Licensing::Client] Error: HandshakeResponse reported an error:
	ResponseCode: 505
	ResponseStatus: Unsupported protocol version '1.18.0'.
[Licensing::Module] Error: Failed to handshake to channel: "LicenseClient-Personal"
[Licensing::IpcConnector] LicenseClient-Personal channel disconnected successfully.
[Licensing::IpcConnector] Successfully connected to: "LicenseClient-Personal-6000.3.11" at "2026-09-23T12:04:45.7659008Z"
ScheduleIndexationOnStartup MainProcess:False IndexOnStartup:True
Mono: successfully reloaded assembly
- Finished resetting the current domain, in  1.210 seconds
Domain Reload Profiling: 2490ms
	BeginReloadAssembly (424ms)
		ExecutionOrderSort (0ms)
		DisableScriptedObjects (0ms)
		BackupInstance (0ms)
		ReleaseScriptingObjects (0ms)
		CreateAndSetChildDomain (2ms)
	RebuildCommonClasses (128ms)
	RebuildNativeTypeToScriptingClass (40ms)
	initialDomainReloadingComplete (162ms)
	LoadAllAssembliesAndSetupDomain (525ms)
		LoadAssemblies (413ms)
		RebuildTransferFunctionScriptingTraits (0ms)
		AnalyzeDomain (515ms)
			TypeCache.Refresh (510ms)
				TypeCache.ScanAssembly (473ms)
			BuildScriptInfoCaches (0ms)
			ResolveRequiredComponents (1ms)
	FinalizeReload (1211ms)
		ReleaseScriptCaches (0ms)
		RebuildScriptCaches (0ms)
		SetupLoadedEditorAssemblies (1086ms)
			LogAssemblyErrors (0ms)
			InitializePlatformSupportModulesInManaged (166ms)
			SetLoadedEditorAssemblies (10ms)
			BeforeProcessingInitializeOnLoad (244ms)
			ProcessInitializeOnLoadAttributes (414ms)
			ProcessInitializeOnLoadMethodAttributes (250ms)
			AfterProcessingInitializeOnLoad (0ms)
			EditorAssembliesLoaded (0ms)
		ExecutionOrderSort2 (0ms)
		AwakeInstancesAfterBackupRestoration (0ms)
[Licensing::Client] Handshaking with LicensingClient:
  Version:                 1.18.0+23225a6
  Session Id:              1e1c911426c947e0a008c81987653c92
  Correlation Id:          b4277bd3ca70e8093561b21ee4037cfd
  External correlation Id: 5017771898003533200
  Machine Id:              Dq+sTHgY3thsuf9cGb9YCd6w1aE=
[Licensing::Module] Successfully connected to LicensingClient on channel: "LicenseClient-Personal-6000.3.11" (connect: 0.00s, validation: 0.00s, handshake: 0.30s)
[Licensing::IpcConnector] Successfully connected to: "LicenseClient-Personal-6000.3.11-notifications" at "2026-09-23T12:04:46.0740838Z"
[Licensing::Module] Licensing Background thread has ended after 3.65s
========================================================================
Worker process is ready to serve import requests
Import Worker Mode flag is 0x00
Begin MonoManager ReloadAssembly
[Licensing::Client] Successfully resolved entitlement details
[Licensing::Module] License group:
  Id: 11270623184113-UnityPersXXXX
  Product: Unity Personal
  Type: Assigned
  Expiration: Unlimited
- Loaded All Assemblies, in  1.432 seconds
Refreshing native plugins compatible for Editor in 1.24 ms, found 3 plugins.
Native extension for WindowsStandalone target not found
Native extension for WebGL target not found
[Package Manager] Failed to launch server process. Reason: Unity was launched with the -noUpm command-line argument
[Package Manager] Unable to send message (not connected to server process).
[Package Manager] Cannot connect to Unity Package Manager local server
EXR error: Failed to parse EXR version info (TinyEXR error code: TINYEXR_ERROR_INVALID_MAGIC_NUMBER)
UnityEngine.Debug:ExtractStackTraceNoAlloc (byte*,int,string)
UnityEngine.StackTraceUtility:ExtractStackTrace ()
UnityEngine.ImageConversion:LoadImage (UnityEngine.Texture2D,System.ReadOnlySpan`1<byte>,bool)
UnityEngine.ImageConversion:LoadImage (UnityEngine.Texture2D,byte[])
Unity.PlasticSCM.Editor.UI.Images:GetNewTextureFromBytes (int,int,byte[]) (at ./Library/PackageCache/com.unity.collab-proxy@a5329f833fa8/Editor/UI/Images.cs:665)
Unity.PlasticSCM.Editor.UI.Images:GetNewTextureFromFile (string) (at ./Library/PackageCache/com.unity.collab-proxy@a5329f833fa8/Editor/UI/Images.cs:676)
Unity.PlasticSCM.Editor.UI.Images:LoadTextureFromFile (string) (at ./Library/PackageCache/com.unity.collab-proxy@a5329f833fa8/Editor/UI/Images.cs:847)
Unity.PlasticSCM.Editor.UI.Images:TryLoadImage (string,string,bool) (at ./Library/PackageCache/com.unity.collab-proxy@a5329f833fa8/Editor/UI/Images.cs:824)
Unity.PlasticSCM.Editor.UI.Images:LoadImage (Unity.PlasticSCM.Editor.UI.Images/Name,bool) (at ./Library/PackageCache/com.unity.collab-proxy@a5329f833fa8/Editor/UI/Images.cs:701)
Unity.PlasticSCM.Editor.UI.Images:GetImage (Unity.PlasticSCM.Editor.UI.Images/Name) (at ./Library/PackageCache/com.unity.collab-proxy@a5329f833fa8/Editor/UI/Images.cs:86)
Unity.PlasticSCM.Editor.UI.Images:GetPlasticViewIcon () (at ./Library/PackageCache/com.unity.collab-proxy@a5329f833fa8/Editor/UI/Images.cs:427)
Unity.PlasticSCM.Editor.Toolbar.UVCSToolbarButtonData:BuildDefault () (at ./Library/PackageCache/com.unity.collab-proxy@a5329f833fa8/Editor/UVCSToolbar/UVCSToolbarButtonData.cs:17)
Unity.PlasticSCM.Editor.Toolbar.ToolbarController:.ctor (Unity.PlasticSCM.Editor.UVCSPlugin) (at ./Library/PackageCache/com.unity.collab-proxy@a5329f833fa8/Editor/UVCSToolbar/ToolbarController.cs:441)
Unity.PlasticSCM.Editor.Toolbar.UVCSToolbar:.cctor () (at ./Library/PackageCache/com.unity.collab-proxy@a5329f833fa8/Editor/UVCSToolbar/UVCSToolbar.cs:12)
Assets.Plugins.PlasticSCM.Editor.Toolbar.UVCSToolbarBoostrap:.cctor () (at ./Library/PackageCache/com.unity.collab-proxy@a5329f833fa8/Editor/UnityInternals/UVCSToolbarBoostrap.cs:15)
System.Runtime.CompilerServices.RuntimeHelpers:RunClassConstructor (System.RuntimeTypeHandle)
UnityEditor.EditorAssemblies:ProcessInitializeOnLoadAttributes (System.Type[])

[./Library/PackageCache/com.unity.collab-proxy@a5329f833fa8/Editor/UI/Images.cs line 665]

[Package Manager] Failed to launch server process. Reason: Unity was launched with the -noUpm command-line argument
[Package Manager] Unable to send message (not connected to server process).
[Package Manager] Cannot connect to Unity Package Manager local server
ScheduleIndexationOnStartup MainProcess:False IndexOnStartup:True
Mono: successfully reloaded assembly
- Finished resetting the current domain, in  1.146 seconds
Domain Reload Profiling: 2575ms
	BeginReloadAssembly (412ms)
		ExecutionOrderSort (0ms)
		DisableScriptedObjects (10ms)
		BackupInstance (0ms)
		ReleaseScriptingObjects (0ms)
		CreateAndSetChildDomain (55ms)
	RebuildCommonClasses (77ms)
	RebuildNativeTypeToScriptingClass (30ms)
	initialDomainReloadingComplete (87ms)
	LoadAllAssembliesAndSetupDomain (822ms)
		LoadAssemblies (686ms)
		RebuildTransferFunctionScriptingTraits (0ms)
		AnalyzeDomain (381ms)
			TypeCache.Refresh (280ms)
				TypeCache.ScanAssembly (257ms)
			BuildScriptInfoCaches (79ms)
			ResolveRequiredComponents (16ms)
	FinalizeReload (1147ms)
		ReleaseScriptCaches (0ms)
		RebuildScriptCaches (0ms)
		SetupLoadedEditorAssemblies (892ms)
			LogAssemblyErrors (0ms)
			InitializePlatformSupportModulesInManaged (5ms)
			SetLoadedEditorAssemblies (5ms)
			BeforeProcessingInitializeOnLoad (207ms)
			ProcessInitializeOnLoadAttributes (587ms)
			ProcessInitializeOnLoadMethodAttributes (78ms)
			AfterProcessingInitializeOnLoad (9ms)
			EditorAssembliesLoaded (0ms)
		ExecutionOrderSort2 (0ms)
		AwakeInstancesAfterBackupRestoration (14ms)
Launched and connected shader compiler UnityShaderCompiler.exe after 0.07 seconds
Refreshing native plugins compatible for Editor in 1.23 ms, found 3 plugins.
Preloading 0 native plugins for Editor in 0.00 ms.
Unloading 0 Unused Serialized files (Serialized files now loaded: 0)
Unloading 3894 unused Assets / (1.2 MB). Loaded Objects now: 4496.
Memory consumption went from 102.9 MB to 101.6 MB.
Total: 13.789800 ms (FindLiveObjects: 0.932900 ms CreateObjectMapping: 0.517500 ms MarkObjects: 10.264600 ms  DeleteObjects: 2.072400 ms)

========================================================================
Received Import Request.
  Time since last request: 1563.267645 seconds.
  path: Assets/animations/Run To Rolling.fbx
  artifactKey: Guid(934c0324ab9c3d9488f19316e2dbb591) Importer(2089858483,b0f066a214c2f5e87bad3c948f4d605d)
Start importing Assets/animations/Run To Rolling.fbx using Guid(934c0324ab9c3d9488f19316e2dbb591) Importer(2089858483,b0f066a214c2f5e87bad3c948f4d605d) (ScriptedImporter) -> (artifact id: '0cf967520014e6253a5bd9935e84ced1') in 0.2665403 seconds
Number of updated asset objects reloaded before import = 0Number of asset objects unloaded after import = 92

========================================================================
Received Import Request.
  Time since last request: 0.000041 seconds.
  path: Assets/animations/stand up after being hit.fbx
  artifactKey: Guid(cf76bbce8ed59914b8aaf1cbecdac176) Importer(2089858483,b0f066a214c2f5e87bad3c948f4d605d)
Start importing Assets/animations/stand up after being hit.fbx using Guid(cf76bbce8ed59914b8aaf1cbecdac176) Importer(2089858483,b0f066a214c2f5e87bad3c948f4d605d) (ScriptedImporter) -> (artifact id: 'b18007f17908a6f9cfdd7e914dadfce6') in 0.0326697 seconds
Number of updated asset objects reloaded before import = 0Number of asset objects unloaded after import = 92

Editor requested this worker to shutdown with reason: Scaling down because of idle timeout
AssetImportWorker is now disconnected from the server
Process exiting
Exiting without the bug reporter. Application will terminate with return code 0