[Licensing::Module] Trying to connect to existing licensing client channel...
Built from '6000.3/staging' branch; Version is '6000.3.11f1 (3000ef702840) revision 3145967'; Using compiler version '194234433'; Build Type 'Release'
OS: 'Windows 11  (10.0.26200) Professional' Language: 'en' Physical Memory: 16016 MB
[Licensing::IpcConnector] Successfully connected to: "LicenseClient-Personal" at "2026-09-23T12:04:42.4395487Z"
BatchMode: 1, IsHumanControllingUs: 0, StartBugReporterOnCrash: 0, Is64bit: 1
System  architecture: x64
Process architecture: x64
Date: 2026-09-23T12:04:42Z

COMMAND LINE ARGUMENTS:
C:\Program Files\Unity\Hub\Editor\6000.3.11f1\Editor\Unity.exe
-adb2
-batchMode
-noUpm
-name
AssetImportWorker1
-projectPath
D:/unity/unity projects/puungu
-logFile
Logs/AssetImportWorker1.log
-srvPort
59213
-licensingIpc
LicenseClient-Personal
-job-worker-count
5
-background-job-worker-count
8
-gc-helper-count
1
-name
AssetImport
Successfully changed project path to: D:/unity/unity projects/puungu
D:/unity/unity projects/puungu
[UnityMemory] Configuration Parameters - Can be set up in boot.config
    "memorysetup-temp-allocator-size-nav-mesh-worker=65536"
    "memorysetup-temp-allocator-size-audio-worker=65536"
    "memorysetup-temp-allocator-size-gfx=262144"
    "memorysetup-allocator-temp-initial-block-size-main=262144"
    "memorysetup-allocator-temp-initial-block-size-worker=262144"
    "memorysetup-temp-allocator-size-background-worker=32768"
    "memorysetup-temp-allocator-size-job-worker=262144"
    "memorysetup-temp-allocator-size-preload-manager=33554432"
    "memorysetup-temp-allocator-size-gi-baking-worker=262144"
    "memorysetup-temp-allocator-size-gi-baking-worker=262144"
    "memorysetup-temp-allocator-size-gi-baking-worker=262144"
    "memorysetup-temp-allocator-size-gi-baking-worker=262144"
    "memorysetup-temp-allocator-size-gi-baking-worker=262144"
    "memorysetup-bucket-allocator-granularity=16"
    "memorysetup-bucket-allocator-bucket-count=8"
    "memorysetup-bucket-allocator-block-size=33554432"
    "memorysetup-bucket-allocator-block-count=8"
    "memorysetup-main-allocator-block-size=16777216"
    "memorysetup-thread-allocator-block-size=16777216"
    "memorysetup-gfx-main-allocator-block-size=16777216"
    "memorysetup-gfx-thread-allocator-block-size=16777216"
    "memorysetup-cache-allocator-block-size=4194304"
    "memorysetup-typetree-allocator-block-size=2097152"
    "memorysetup-profiler-bucket-allocator-granularity=16"
    "memorysetup-profiler-bucket-allocator-bucket-count=8"
    "memorysetup-profiler-bucket-allocator-block-size=33554432"
    "memorysetup-profiler-bucket-allocator-block-count=8"
    "memorysetup-profiler-allocator-block-size=16777216"
    "memorysetup-profiler-editor-allocator-block-size=1048576"
    "memorysetup-temp-allocator-size-main=16777216"
    "memorysetup-job-temp-allocator-block-size=2097152"
    "memorysetup-job-temp-allocator-block-size-background=1048576"
    "memorysetup-job-temp-allocator-reduction-small-platforms=262144"
    "memorysetup-temp-allocator-size-cloud-worker=32768"
Player connection [9452]  Target information:

Player connection [9452]  * "[IP] 10.7.18.65 [Port] 0 [Flags] 2 [Guid] 3847428343 [EditorId] 3847428343 [Version] 1048832 [Id] WindowsEditor(7,EDGAR) [Debug] 1 [PackageName] WindowsEditor [ProjectName] Editor" 

Player connection [9452] Host joined multi-casting on [225.0.0.222:54997]...
Player connection [9452] Host joined alternative multi-casting on [225.0.0.222:34997]...
JobSystem: Creating JobQueue using job-worker-count value 5
Input System module state changed to: Initialized.
[Physics::Module] Initialized fallback backend.
[Physics::Module] Id: 0xdecafbad
Library Redirect Path: Library/
[Physics::Module] Selected backend.
[Physics::Module] Name: PhysX
[Physics::Module] Id: 0xf2b8ea05
[Physics::Module] SDK Version: 4.1.2
[Physics::Module] Integration Version: 1.0.0
[Physics::Module] Threading Mode: Multi-Threaded
Refreshing native plugins compatible for Editor in 6.97 ms, found 3 plugins.
Preloading 0 native plugins for Editor in 0.00 ms.
Initialize engine version: 6000.3.11f1 (3000ef702840)
[Subsystems] Discovering subsystems at path C:/Program Files/Unity/Hub/Editor/6000.3.11f1/Editor/Data/Resources/UnitySubsystems
[Subsystems] Discovering subsystems at path D:/unity/unity projects/puungu/Assets
GfxDevice: creating device client; kGfxThreadingModeNonThreaded
Direct3D:
    Version:  Direct3D 11.0 [level 11.1]
    Renderer: Intel(R) Iris(R) Xe Graphics (ID=0xa7a1)
    Vendor:   Intel
    VRAM:     8008 MB
    Driver:   32.0.101.7088
Initialize mono
Mono path[0] = 'C:/Program Files/Unity/Hub/Editor/6000.3.11f1/Editor/Data/Managed'
Mono path[1] = 'C:/Program Files/Unity/Hub/Editor/6000.3.11f1/Editor/Data/MonoBleedingEdge/lib/mono/unityjit-win32'
Mono config path = 'C:/Program Files/Unity/Hub/Editor/6000.3.11f1/Editor/Data/MonoBleedingEdge/etc'
Using monoOptions --debugger-agent=transport=dt_socket,embedding=1,server=y,suspend=n,address=127.0.0.1:56364
Begin MonoManager ReloadAssembly
Registering precompiled unity dll's ...
Register platform support module: C:/Program Files/Unity/Hub/Editor/6000.3.11f1/Editor/Data/PlaybackEngines/WebGLSupport/UnityEditor.WebGL.Extensions.dll
Register platform support module: C:/Program Files/Unity/Hub/Editor/6000.3.11f1/Editor/Data/PlaybackEngines/WindowsStandaloneSupport/UnityEditor.WindowsStandalone.Extensions.dll
Registered in 0.007319 seconds.
- Loaded All Assemblies, in  1.287 seconds
Native extension for WindowsStandalone target not found
Native extension for WebGL target not found
Package Manager log level set to [2]
[Package Manager] Failed to launch server process. Reason: Unity was launched with the -noUpm command-line argument
[Package Manager] Unable to send message (not connected to server process).
[Package Manager] Cannot connect to Unity Package Manager local server
[Licensing::Client] Error: HandshakeResponse reported an error:
	ResponseCode: 505
	ResponseStatus: Unsupported protocol version '1.18.0'.
[Licensing::Module] Error: Failed to handshake to channel: "LicenseClient-Personal"
[Licensing::IpcConnector] LicenseClient-Personal channel disconnected successfully.
[Licensing::IpcConnector] Successfully connected to: "LicenseClient-Personal-6000.3.11" at "2026-09-23T12:04:45.7377023Z"
ScheduleIndexationOnStartup MainProcess:False IndexOnStartup:True
Mono: successfully reloaded assembly
- Finished resetting the current domain, in  1.220 seconds
Domain Reload Profiling: 2501ms
	BeginReloadAssembly (415ms)
		ExecutionOrderSort (0ms)
		DisableScriptedObjects (0ms)
		BackupInstance (0ms)
		ReleaseScriptingObjects (0ms)
		CreateAndSetChildDomain (2ms)
	RebuildCommonClasses (135ms)
	RebuildNativeTypeToScriptingClass (46ms)
	initialDomainReloadingComplete (152ms)
	LoadAllAssembliesAndSetupDomain (531ms)
		LoadAssemblies (406ms)
		RebuildTransferFunctionScriptingTraits (0ms)
		AnalyzeDomain (521ms)
			TypeCache.Refresh (516ms)
				TypeCache.ScanAssembly (483ms)
			BuildScriptInfoCaches (0ms)
			ResolveRequiredComponents (1ms)
	FinalizeReload (1221ms)
		ReleaseScriptCaches (0ms)
		RebuildScriptCaches (0ms)
		SetupLoadedEditorAssemblies (1092ms)
			LogAssemblyErrors (0ms)
			InitializePlatformSupportModulesInManaged (161ms)
			SetLoadedEditorAssemblies (11ms)
			BeforeProcessingInitializeOnLoad (261ms)
			ProcessInitializeOnLoadAttributes (406ms)
			ProcessInitializeOnLoadMethodAttributes (252ms)
			AfterProcessingInitializeOnLoad (0ms)
			EditorAssembliesLoaded (0ms)
		ExecutionOrderSort2 (0ms)
		AwakeInstancesAfterBackupRestoration (0ms)
[Licensing::Client] Handshaking with LicensingClient:
  Version:                 1.18.0+23225a6
  Session Id:              6c76e12ce03a42b1a28161ebce543b93
  Correlation Id:          b4277bd3ca70e8093561b21ee4037cfd
  External correlation Id: 2734804684270387183
  Machine Id:              Dq+sTHgY3thsuf9cGb9YCd6w1aE=
[Licensing::Module] Successfully connected to LicensingClient on channel: "LicenseClient-Personal-6000.3.11" (connect: 0.00s, validation: 0.01s, handshake: 0.29s)
[Licensing::IpcConnector] Successfully connected to: "LicenseClient-Personal-6000.3.11-notifications" at "2026-09-23T12:04:46.0380487Z"
[Licensing::Module] Licensing Background thread has ended after 3.60s
========================================================================
Worker process is ready to serve import requests
Import Worker Mode flag is 0x00
Begin MonoManager ReloadAssembly
[Licensing::Client] Successfully resolved entitlement details
[Licensing::Module] License group:
  Id: 11270623184113-UnityPersXXXX
  Product: Unity Personal
  Type: Assigned
  Expiration: Unlimited
- Loaded All Assemblies, in  1.538 seconds
Refreshing native plugins compatible for Editor in 1.02 ms, found 3 plugins.
Native extension for WindowsStandalone target not found
Native extension for WebGL target not found
[Package Manager] Failed to launch server process. Reason: Unity was launched with the -noUpm command-line argument
[Package Manager] Unable to send message (not connected to server process).
[Package Manager] Cannot connect to Unity Package Manager local server
EXR error: Failed to parse EXR version info (TinyEXR error code: TINYEXR_ERROR_INVALID_MAGIC_NUMBER)
UnityEngine.Debug:ExtractStackTraceNoAlloc (byte*,int,string)
UnityEngine.StackTraceUtility:ExtractStackTrace ()
UnityEngine.ImageConversion:LoadImage (UnityEngine.Texture2D,System.ReadOnlySpan`1<byte>,bool)
UnityEngine.ImageConversion:LoadImage (UnityEngine.Texture2D,byte[])
Unity.PlasticSCM.Editor.UI.Images:GetNewTextureFromBytes (int,int,byte[]) (at ./Library/PackageCache/com.unity.collab-proxy@a5329f833fa8/Editor/UI/Images.cs:665)
Unity.PlasticSCM.Editor.UI.Images:GetNewTextureFromFile (string) (at ./Library/PackageCache/com.unity.collab-proxy@a5329f833fa8/Editor/UI/Images.cs:676)
Unity.PlasticSCM.Editor.UI.Images:LoadTextureFromFile (string) (at ./Library/PackageCache/com.unity.collab-proxy@a5329f833fa8/Editor/UI/Images.cs:847)
Unity.PlasticSCM.Editor.UI.Images:TryLoadImage (string,string,bool) (at ./Library/PackageCache/com.unity.collab-proxy@a5329f833fa8/Editor/UI/Images.cs:824)
Unity.PlasticSCM.Editor.UI.Images:LoadImage (Unity.PlasticSCM.Editor.UI.Images/Name,bool) (at ./Library/PackageCache/com.unity.collab-proxy@a5329f833fa8/Editor/UI/Images.cs:701)
Unity.PlasticSCM.Editor.UI.Images:GetImage (Unity.PlasticSCM.Editor.UI.Images/Name) (at ./Library/PackageCache/com.unity.collab-proxy@a5329f833fa8/Editor/UI/Images.cs:86)
Unity.PlasticSCM.Editor.UI.Images:GetPlasticViewIcon () (at ./Library/PackageCache/com.unity.collab-proxy@a5329f833fa8/Editor/UI/Images.cs:427)
Unity.PlasticSCM.Editor.Toolbar.UVCSToolbarButtonData:BuildDefault () (at ./Library/PackageCache/com.unity.collab-proxy@a5329f833fa8/Editor/UVCSToolbar/UVCSToolbarButtonData.cs:17)
Unity.PlasticSCM.Editor.Toolbar.ToolbarController:.ctor (Unity.PlasticSCM.Editor.UVCSPlugin) (at ./Library/PackageCache/com.unity.collab-proxy@a5329f833fa8/Editor/UVCSToolbar/ToolbarController.cs:441)
Unity.PlasticSCM.Editor.Toolbar.UVCSToolbar:.cctor () (at ./Library/PackageCache/com.unity.collab-proxy@a5329f833fa8/Editor/UVCSToolbar/UVCSToolbar.cs:12)
Assets.Plugins.PlasticSCM.Editor.Toolbar.UVCSToolbarBoostrap:.cctor () (at ./Library/PackageCache/com.unity.collab-proxy@a5329f833fa8/Editor/UnityInternals/UVCSToolbarBoostrap.cs:15)
System.Runtime.CompilerServices.RuntimeHelpers:RunClassConstructor (System.RuntimeTypeHandle)
UnityEditor.EditorAssemblies:ProcessInitializeOnLoadAttributes (System.Type[])

[./Library/PackageCache/com.unity.collab-proxy@a5329f833fa8/Editor/UI/Images.cs line 665]

[Package Manager] Failed to launch server process. Reason: Unity was launched with the -noUpm command-line argument
[Package Manager] Unable to send message (not connected to server process).
[Package Manager] Cannot connect to Unity Package Manager local server
ScheduleIndexationOnStartup MainProcess:False IndexOnStartup:True
Mono: successfully reloaded assembly
- Finished resetting the current domain, in  1.162 seconds
Domain Reload Profiling: 2694ms
	BeginReloadAssembly (494ms)
		ExecutionOrderSort (0ms)
		DisableScriptedObjects (10ms)
		BackupInstance (0ms)
		ReleaseScriptingObjects (0ms)
		CreateAndSetChildDomain (57ms)
	RebuildCommonClasses (84ms)
	RebuildNativeTypeToScriptingClass (26ms)
	initialDomainReloadingComplete (102ms)
	LoadAllAssembliesAndSetupDomain (825ms)
		LoadAssemblies (679ms)
		RebuildTransferFunctionScriptingTraits (0ms)
		AnalyzeDomain (424ms)
			TypeCache.Refresh (303ms)
				TypeCache.ScanAssembly (282ms)
			BuildScriptInfoCaches (101ms)
			ResolveRequiredComponents (12ms)
	FinalizeReload (1163ms)
		ReleaseScriptCaches (0ms)
		RebuildScriptCaches (0ms)
		SetupLoadedEditorAssemblies (930ms)
			LogAssemblyErrors (0ms)
			InitializePlatformSupportModulesInManaged (6ms)
			SetLoadedEditorAssemblies (8ms)
			BeforeProcessingInitializeOnLoad (248ms)
			ProcessInitializeOnLoadAttributes (580ms)
			ProcessInitializeOnLoadMethodAttributes (79ms)
			AfterProcessingInitializeOnLoad (8ms)
			EditorAssembliesLoaded (0ms)
		ExecutionOrderSort2 (0ms)
		AwakeInstancesAfterBackupRestoration (9ms)
Launched and connected shader compiler UnityShaderCompiler.exe after 0.03 seconds
Refreshing native plugins compatible for Editor in 0.84 ms, found 3 plugins.
Preloading 0 native plugins for Editor in 0.00 ms.
Unloading 0 Unused Serialized files (Serialized files now loaded: 0)
Unloading 3894 unused Assets / (0.9 MB). Loaded Objects now: 4496.
Memory consumption went from 102.9 MB to 102.0 MB.
Total: 12.945100 ms (FindLiveObjects: 0.552400 ms CreateObjectMapping: 0.455200 ms MarkObjects: 9.813700 ms  DeleteObjects: 2.120600 ms)

========================================================================
Received Import Request.
  Time since last request: 1563.248369 seconds.
  path: Assets/animations/run forward slow.fbx
  artifactKey: Guid(68ebc6f1424632d458b09ba22300b09d) Importer(2089858483,b0f066a214c2f5e87bad3c948f4d605d)
Start importing Assets/animations/run forward slow.fbx using Guid(68ebc6f1424632d458b09ba22300b09d) Importer(2089858483,b0f066a214c2f5e87bad3c948f4d605d) (ScriptedImporter) -> (artifact id: '9a145de43cb1009c83ed88400469b8f4') in 0.2831311 seconds
Number of updated asset objects reloaded before import = 0Number of asset objects unloaded after import = 92

========================================================================
Received Import Request.
  Time since last request: 0.000058 seconds.
  path: Assets/animations/Running fast.fbx
  artifactKey: Guid(c493424115e64724da3d2962689bba81) Importer(2089858483,b0f066a214c2f5e87bad3c948f4d605d)
Start importing Assets/animations/Running fast.fbx using Guid(c493424115e64724da3d2962689bba81) Importer(2089858483,b0f066a214c2f5e87bad3c948f4d605d) (ScriptedImporter) -> (artifact id: 'f2ea074428477a601cc61a623940f159') in 0.0292225 seconds
Number of updated asset objects reloaded before import = 0Number of asset objects unloaded after import = 92

========================================================================
Received Import Request.
  Time since last request: 0.000053 seconds.
  path: Assets/Scenes/SampleScene.unity
  artifactKey: Guid(9fc0d4010bbf28b4594072e72b8655ab) Importer(2089858483,b0f066a214c2f5e87bad3c948f4d605d)
Start importing Assets/Scenes/SampleScene.unity using Guid(9fc0d4010bbf28b4594072e72b8655ab) Importer(2089858483,b0f066a214c2f5e87bad3c948f4d605d) (ScriptedImporter) -> (artifact id: '0e2bf07302c085a43cfb17c88682cc74') in 0.0150625 seconds
Number of updated asset objects reloaded before import = 0Number of asset objects unloaded after import = 1

========================================================================
Received Prepare
Begin MonoManager ReloadAssembly
[Licensing::Client] Successfully resolved entitlement details
- Loaded All Assemblies, in  1.171 seconds
Refreshing native plugins compatible for Editor in 1.10 ms, found 3 plugins.
Native extension for WindowsStandalone target not found
Native extension for WebGL target not found
[Package Manager] Failed to launch server process. Reason: Unity was launched with the -noUpm command-line argument
[Package Manager] Unable to send message (not connected to server process).
[Package Manager] Cannot connect to Unity Package Manager local server
EXR error: Failed to parse EXR version info (TinyEXR error code: TINYEXR_ERROR_INVALID_MAGIC_NUMBER)
UnityEngine.Debug:ExtractStackTraceNoAlloc (byte*,int,string)
UnityEngine.StackTraceUtility:ExtractStackTrace ()
UnityEngine.ImageConversion:LoadImage (UnityEngine.Texture2D,System.ReadOnlySpan`1<byte>,bool)
UnityEngine.ImageConversion:LoadImage (UnityEngine.Texture2D,byte[])
Unity.PlasticSCM.Editor.UI.Images:GetNewTextureFromBytes (int,int,byte[]) (at ./Library/PackageCache/com.unity.collab-proxy@a5329f833fa8/Editor/UI/Images.cs:665)
Unity.PlasticSCM.Editor.UI.Images:GetNewTextureFromFile (string) (at ./Library/PackageCache/com.unity.collab-proxy@a5329f833fa8/Editor/UI/Images.cs:676)
Unity.PlasticSCM.Editor.UI.Images:LoadTextureFromFile (string) (at ./Library/PackageCache/com.unity.collab-proxy@a5329f833fa8/Editor/UI/Images.cs:847)
Unity.PlasticSCM.Editor.UI.Images:TryLoadImage (string,string,bool) (at ./Library/PackageCache/com.unity.collab-proxy@a5329f833fa8/Editor/UI/Images.cs:824)
Unity.PlasticSCM.Editor.UI.Images:LoadImage (Unity.PlasticSCM.Editor.UI.Images/Name,bool) (at ./Library/PackageCache/com.unity.collab-proxy@a5329f833fa8/Editor/UI/Images.cs:701)
Unity.PlasticSCM.Editor.UI.Images:GetImage (Unity.PlasticSCM.Editor.UI.Images/Name) (at ./Library/PackageCache/com.unity.collab-proxy@a5329f833fa8/Editor/UI/Images.cs:86)
Unity.PlasticSCM.Editor.UI.Images:GetPlasticViewIcon () (at ./Library/PackageCache/com.unity.collab-proxy@a5329f833fa8/Editor/UI/Images.cs:427)
Unity.PlasticSCM.Editor.Toolbar.UVCSToolbarButtonData:BuildDefault () (at ./Library/PackageCache/com.unity.collab-proxy@a5329f833fa8/Editor/UVCSToolbar/UVCSToolbarButtonData.cs:17)
Unity.PlasticSCM.Editor.Toolbar.ToolbarController:.ctor (Unity.PlasticSCM.Editor.UVCSPlugin) (at ./Library/PackageCache/com.unity.collab-proxy@a5329f833fa8/Editor/UVCSToolbar/ToolbarController.cs:441)
Unity.PlasticSCM.Editor.Toolbar.UVCSToolbar:.cctor () (at ./Library/PackageCache/com.unity.collab-proxy@a5329f833fa8/Editor/UVCSToolbar/UVCSToolbar.cs:12)
Assets.Plugins.PlasticSCM.Editor.Toolbar.UVCSToolbarBoostrap:.cctor () (at ./Library/PackageCache/com.unity.collab-proxy@a5329f833fa8/Editor/UnityInternals/UVCSToolbarBoostrap.cs:15)
System.Runtime.CompilerServices.RuntimeHelpers:RunClassConstructor (System.RuntimeTypeHandle)
UnityEditor.EditorAssemblies:ProcessInitializeOnLoadAttributes (System.Type[])

[./Library/PackageCache/com.unity.collab-proxy@a5329f833fa8/Editor/UI/Images.cs line 665]

[Package Manager] Failed to launch server process. Reason: Unity was launched with the -noUpm command-line argument
[Package Manager] Unable to send message (not connected to server process).
[Package Manager] Cannot connect to Unity Package Manager local server
ScheduleIndexationOnStartup MainProcess:False IndexOnStartup:True
Mono: successfully reloaded assembly
- Finished resetting the current domain, in  1.009 seconds
Domain Reload Profiling: 2178ms
	BeginReloadAssembly (415ms)
		ExecutionOrderSort (0ms)
		DisableScriptedObjects (13ms)
		BackupInstance (0ms)
		ReleaseScriptingObjects (0ms)
		CreateAndSetChildDomain (90ms)
	RebuildCommonClasses (72ms)
	RebuildNativeTypeToScriptingClass (26ms)
	initialDomainReloadingComplete (52ms)
	LoadAllAssembliesAndSetupDomain (602ms)
		LoadAssemblies (580ms)
		RebuildTransferFunctionScriptingTraits (0ms)
		AnalyzeDomain (230ms)
			TypeCache.Refresh (10ms)
				TypeCache.ScanAssembly (0ms)
			BuildScriptInfoCaches (207ms)
			ResolveRequiredComponents (7ms)
	FinalizeReload (1010ms)
		ReleaseScriptCaches (0ms)
		RebuildScriptCaches (0ms)
		SetupLoadedEditorAssemblies (796ms)
			LogAssemblyErrors (0ms)
			InitializePlatformSupportModulesInManaged (6ms)
			SetLoadedEditorAssemblies (6ms)
			BeforeProcessingInitializeOnLoad (201ms)
			ProcessInitializeOnLoadAttributes (508ms)
			ProcessInitializeOnLoadMethodAttributes (68ms)
			AfterProcessingInitializeOnLoad (7ms)
			EditorAssembliesLoaded (0ms)
		ExecutionOrderSort2 (0ms)
		AwakeInstancesAfterBackupRestoration (8ms)
Refreshing native plugins compatible for Editor in 2.49 ms, found 3 plugins.
Preloading 0 native plugins for Editor in 0.00 ms.
Unloading 0 Unused Serialized files (Serialized files now loaded: 0)
Unloading 3892 unused Assets / (1.0 MB). Loaded Objects now: 4499.
Memory consumption went from 103.8 MB to 102.8 MB.
Total: 20.877900 ms (FindLiveObjects: 0.784800 ms CreateObjectMapping: 0.680700 ms MarkObjects: 16.105700 ms  DeleteObjects: 3.302900 ms)

Prepare: number of updated asset objects reloaded= 0
========================================================================
Received Prepare
Begin MonoManager ReloadAssembly
- Loaded All Assemblies, in  1.215 seconds
Refreshing native plugins compatible for Editor in 2.07 ms, found 3 plugins.
Native extension for WindowsStandalone target not found
Native extension for WebGL target not found
[Package Manager] Failed to launch server process. Reason: Unity was launched with the -noUpm command-line argument
[Package Manager] Unable to send message (not connected to server process).
[Package Manager] Cannot connect to Unity Package Manager local server
EXR error: Failed to parse EXR version info (TinyEXR error code: TINYEXR_ERROR_INVALID_MAGIC_NUMBER)
UnityEngine.Debug:ExtractStackTraceNoAlloc (byte*,int,string)
UnityEngine.StackTraceUtility:ExtractStackTrace ()
UnityEngine.ImageConversion:LoadImage (UnityEngine.Texture2D,System.ReadOnlySpan`1<byte>,bool)
UnityEngine.ImageConversion:LoadImage (UnityEngine.Texture2D,byte[])
Unity.PlasticSCM.Editor.UI.Images:GetNewTextureFromBytes (int,int,byte[]) (at ./Library/PackageCache/com.unity.collab-proxy@a5329f833fa8/Editor/UI/Images.cs:665)
Unity.PlasticSCM.Editor.UI.Images:GetNewTextureFromFile (string) (at ./Library/PackageCache/com.unity.collab-proxy@a5329f833fa8/Editor/UI/Images.cs:676)
Unity.PlasticSCM.Editor.UI.Images:LoadTextureFromFile (string) (at ./Library/PackageCache/com.unity.collab-proxy@a5329f833fa8/Editor/UI/Images.cs:847)
Unity.PlasticSCM.Editor.UI.Images:TryLoadImage (string,string,bool) (at ./Library/PackageCache/com.unity.collab-proxy@a5329f833fa8/Editor/UI/Images.cs:824)
Unity.PlasticSCM.Editor.UI.Images:LoadImage (Unity.PlasticSCM.Editor.UI.Images/Name,bool) (at ./Library/PackageCache/com.unity.collab-proxy@a5329f833fa8/Editor/UI/Images.cs:701)
Unity.PlasticSCM.Editor.UI.Images:GetImage (Unity.PlasticSCM.Editor.UI.Images/Name) (at ./Library/PackageCache/com.unity.collab-proxy@a5329f833fa8/Editor/UI/Images.cs:86)
Unity.PlasticSCM.Editor.UI.Images:GetPlasticViewIcon () (at ./Library/PackageCache/com.unity.collab-proxy@a5329f833fa8/Editor/UI/Images.cs:427)
Unity.PlasticSCM.Editor.Toolbar.UVCSToolbarButtonData:BuildDefault () (at ./Library/PackageCache/com.unity.collab-proxy@a5329f833fa8/Editor/UVCSToolbar/UVCSToolbarButtonData.cs:17)
Unity.PlasticSCM.Editor.Toolbar.ToolbarController:.ctor (Unity.PlasticSCM.Editor.UVCSPlugin) (at ./Library/PackageCache/com.unity.collab-proxy@a5329f833fa8/Editor/UVCSToolbar/ToolbarController.cs:441)
Unity.PlasticSCM.Editor.Toolbar.UVCSToolbar:.cctor () (at ./Library/PackageCache/com.unity.collab-proxy@a5329f833fa8/Editor/UVCSToolbar/UVCSToolbar.cs:12)
Assets.Plugins.PlasticSCM.Editor.Toolbar.UVCSToolbarBoostrap:.cctor () (at ./Library/PackageCache/com.unity.collab-proxy@a5329f833fa8/Editor/UnityInternals/UVCSToolbarBoostrap.cs:15)
System.Runtime.CompilerServices.RuntimeHelpers:RunClassConstructor (System.RuntimeTypeHandle)
UnityEditor.EditorAssemblies:ProcessInitializeOnLoadAttributes (System.Type[])

[./Library/PackageCache/com.unity.collab-proxy@a5329f833fa8/Editor/UI/Images.cs line 665]

[Package Manager] Failed to launch server process. Reason: Unity was launched with the -noUpm command-line argument
[Package Manager] Unable to send message (not connected to server process).
[Package Manager] Cannot connect to Unity Package Manager local server
ScheduleIndexationOnStartup MainProcess:False IndexOnStartup:True
Mono: successfully reloaded assembly
- Finished resetting the current domain, in  3.018 seconds
Domain Reload Profiling: 4236ms
	BeginReloadAssembly (354ms)
		ExecutionOrderSort (0ms)
		DisableScriptedObjects (11ms)
		BackupInstance (0ms)
		ReleaseScriptingObjects (0ms)
		CreateAndSetChildDomain (64ms)
	RebuildCommonClasses (90ms)
	RebuildNativeTypeToScriptingClass (27ms)
	initialDomainReloadingComplete (55ms)
	LoadAllAssembliesAndSetupDomain (689ms)
		LoadAssemblies (573ms)
		RebuildTransferFunctionScriptingTraits (0ms)
		AnalyzeDomain (314ms)
			TypeCache.Refresh (10ms)
				TypeCache.ScanAssembly (0ms)
			BuildScriptInfoCaches (287ms)
			ResolveRequiredComponents (12ms)
	FinalizeReload (3022ms)
		ReleaseScriptCaches (0ms)
		RebuildScriptCaches (0ms)
		SetupLoadedEditorAssemblies (2389ms)
			LogAssemblyErrors (0ms)
			InitializePlatformSupportModulesInManaged (16ms)
			SetLoadedEditorAssemblies (23ms)
			BeforeProcessingInitializeOnLoad (677ms)
			ProcessInitializeOnLoadAttributes (1461ms)
			ProcessInitializeOnLoadMethodAttributes (197ms)
			AfterProcessingInitializeOnLoad (15ms)
			EditorAssembliesLoaded (0ms)
		ExecutionOrderSort2 (0ms)
		AwakeInstancesAfterBackupRestoration (37ms)
Refreshing native plugins compatible for Editor in 4.22 ms, found 3 plugins.
Preloading 0 native plugins for Editor in 0.00 ms.
Unloading 0 Unused Serialized files (Serialized files now loaded: 0)
Unloading 3892 unused Assets / (0.7 MB). Loaded Objects now: 4500.
Memory consumption went from 103.9 MB to 103.1 MB.
Total: 23.819800 ms (FindLiveObjects: 1.329100 ms CreateObjectMapping: 0.936800 ms MarkObjects: 18.796100 ms  DeleteObjects: 2.752800 ms)

Prepare: number of updated asset objects reloaded= 0
========================================================================
Received Prepare
Begin MonoManager ReloadAssembly
[Licensing::Client] Successfully resolved entitlement details
- Loaded All Assemblies, in  1.047 seconds
Refreshing native plugins compatible for Editor in 0.65 ms, found 3 plugins.
Native extension for WindowsStandalone target not found
Native extension for WebGL target not found
[Package Manager] Failed to launch server process. Reason: Unity was launched with the -noUpm command-line argument
[Package Manager] Unable to send message (not connected to server process).
[Package Manager] Cannot connect to Unity Package Manager local server
EXR error: Failed to parse EXR version info (TinyEXR error code: TINYEXR_ERROR_INVALID_MAGIC_NUMBER)
UnityEngine.Debug:ExtractStackTraceNoAlloc (byte*,int,string)
UnityEngine.StackTraceUtility:ExtractStackTrace ()
UnityEngine.ImageConversion:LoadImage (UnityEngine.Texture2D,System.ReadOnlySpan`1<byte>,bool)
UnityEngine.ImageConversion:LoadImage (UnityEngine.Texture2D,byte[])
Unity.PlasticSCM.Editor.UI.Images:GetNewTextureFromBytes (int,int,byte[]) (at ./Library/PackageCache/com.unity.collab-proxy@a5329f833fa8/Editor/UI/Images.cs:665)
Unity.PlasticSCM.Editor.UI.Images:GetNewTextureFromFile (string) (at ./Library/PackageCache/com.unity.collab-proxy@a5329f833fa8/Editor/UI/Images.cs:676)
Unity.PlasticSCM.Editor.UI.Images:LoadTextureFromFile (string) (at ./Library/PackageCache/com.unity.collab-proxy@a5329f833fa8/Editor/UI/Images.cs:847)
Unity.PlasticSCM.Editor.UI.Images:TryLoadImage (string,string,bool) (at ./Library/PackageCache/com.unity.collab-proxy@a5329f833fa8/Editor/UI/Images.cs:824)
Unity.PlasticSCM.Editor.UI.Images:LoadImage (Unity.PlasticSCM.Editor.UI.Images/Name,bool) (at ./Library/PackageCache/com.unity.collab-proxy@a5329f833fa8/Editor/UI/Images.cs:701)
Unity.PlasticSCM.Editor.UI.Images:GetImage (Unity.PlasticSCM.Editor.UI.Images/Name) (at ./Library/PackageCache/com.unity.collab-proxy@a5329f833fa8/Editor/UI/Images.cs:86)
Unity.PlasticSCM.Editor.UI.Images:GetPlasticViewIcon () (at ./Library/PackageCache/com.unity.collab-proxy@a5329f833fa8/Editor/UI/Images.cs:427)
Unity.PlasticSCM.Editor.Toolbar.UVCSToolbarButtonData:BuildDefault () (at ./Library/PackageCache/com.unity.collab-proxy@a5329f833fa8/Editor/UVCSToolbar/UVCSToolbarButtonData.cs:17)
Unity.PlasticSCM.Editor.Toolbar.ToolbarController:.ctor (Unity.PlasticSCM.Editor.UVCSPlugin) (at ./Library/PackageCache/com.unity.collab-proxy@a5329f833fa8/Editor/UVCSToolbar/ToolbarController.cs:441)
Unity.PlasticSCM.Editor.Toolbar.UVCSToolbar:.cctor () (at ./Library/PackageCache/com.unity.collab-proxy@a5329f833fa8/Editor/UVCSToolbar/UVCSToolbar.cs:12)
Assets.Plugins.PlasticSCM.Editor.Toolbar.UVCSToolbarBoostrap:.cctor () (at ./Library/PackageCache/com.unity.collab-proxy@a5329f833fa8/Editor/UnityInternals/UVCSToolbarBoostrap.cs:15)
System.Runtime.CompilerServices.RuntimeHelpers:RunClassConstructor (System.RuntimeTypeHandle)
UnityEditor.EditorAssemblies:ProcessInitializeOnLoadAttributes (System.Type[])

[./Library/PackageCache/com.unity.collab-proxy@a5329f833fa8/Editor/UI/Images.cs line 665]

[Package Manager] Failed to launch server process. Reason: Unity was launched with the -noUpm command-line argument
[Package Manager] Unable to send message (not connected to server process).
[Package Manager] Cannot connect to Unity Package Manager local server
ScheduleIndexationOnStartup MainProcess:False IndexOnStartup:True
Mono: successfully reloaded assembly
- Finished resetting the current domain, in  1.392 seconds
Domain Reload Profiling: 2441ms
	BeginReloadAssembly (360ms)
		ExecutionOrderSort (0ms)
		DisableScriptedObjects (10ms)
		BackupInstance (0ms)
		ReleaseScriptingObjects (0ms)
		CreateAndSetChildDomain (75ms)
	RebuildCommonClasses (70ms)
	RebuildNativeTypeToScriptingClass (29ms)
	initialDomainReloadingComplete (49ms)
	LoadAllAssembliesAndSetupDomain (538ms)
		LoadAssemblies (491ms)
		RebuildTransferFunctionScriptingTraits (0ms)
		AnalyzeDomain (241ms)
			TypeCache.Refresh (8ms)
				TypeCache.ScanAssembly (0ms)
			BuildScriptInfoCaches (219ms)
			ResolveRequiredComponents (8ms)
	FinalizeReload (1395ms)
		ReleaseScriptCaches (0ms)
		RebuildScriptCaches (0ms)
		SetupLoadedEditorAssemblies (1099ms)
			LogAssemblyErrors (0ms)
			InitializePlatformSupportModulesInManaged (4ms)
			SetLoadedEditorAssemblies (9ms)
			BeforeProcessingInitializeOnLoad (219ms)
			ProcessInitializeOnLoadAttributes (648ms)
			ProcessInitializeOnLoadMethodAttributes (188ms)
			AfterProcessingInitializeOnLoad (30ms)
			EditorAssembliesLoaded (1ms)
		ExecutionOrderSort2 (0ms)
		AwakeInstancesAfterBackupRestoration (26ms)
Refreshing native plugins compatible for Editor in 2.46 ms, found 3 plugins.
Preloading 0 native plugins for Editor in 0.00 ms.
Unloading 0 Unused Serialized files (Serialized files now loaded: 0)
Unloading 3892 unused Assets / (0.6 MB). Loaded Objects now: 4501.
Memory consumption went from 103.9 MB to 103.3 MB.
Total: 23.788400 ms (FindLiveObjects: 1.565200 ms CreateObjectMapping: 0.432100 ms MarkObjects: 18.470100 ms  DeleteObjects: 3.315000 ms)

Prepare: number of updated asset objects reloaded= 0
========================================================================
Received Prepare
Begin MonoManager ReloadAssembly
- Loaded All Assemblies, in  1.225 seconds
Refreshing native plugins compatible for Editor in 2.49 ms, found 3 plugins.
Native extension for WindowsStandalone target not found
Native extension for WebGL target not found
[Package Manager] Failed to launch server process. Reason: Unity was launched with the -noUpm command-line argument
[Package Manager] Unable to send message (not connected to server process).
[Package Manager] Cannot connect to Unity Package Manager local server
EXR error: Failed to parse EXR version info (TinyEXR error code: TINYEXR_ERROR_INVALID_MAGIC_NUMBER)
UnityEngine.Debug:ExtractStackTraceNoAlloc (byte*,int,string)
UnityEngine.StackTraceUtility:ExtractStackTrace ()
UnityEngine.ImageConversion:LoadImage (UnityEngine.Texture2D,System.ReadOnlySpan`1<byte>,bool)
UnityEngine.ImageConversion:LoadImage (UnityEngine.Texture2D,byte[])
Unity.PlasticSCM.Editor.UI.Images:GetNewTextureFromBytes (int,int,byte[]) (at ./Library/PackageCache/com.unity.collab-proxy@a5329f833fa8/Editor/UI/Images.cs:665)
Unity.PlasticSCM.Editor.UI.Images:GetNewTextureFromFile (string) (at ./Library/PackageCache/com.unity.collab-proxy@a5329f833fa8/Editor/UI/Images.cs:676)
Unity.PlasticSCM.Editor.UI.Images:LoadTextureFromFile (string) (at ./Library/PackageCache/com.unity.collab-proxy@a5329f833fa8/Editor/UI/Images.cs:847)
Unity.PlasticSCM.Editor.UI.Images:TryLoadImage (string,string,bool) (at ./Library/PackageCache/com.unity.collab-proxy@a5329f833fa8/Editor/UI/Images.cs:824)
Unity.PlasticSCM.Editor.UI.Images:LoadImage (Unity.PlasticSCM.Editor.UI.Images/Name,bool) (at ./Library/PackageCache/com.unity.collab-proxy@a5329f833fa8/Editor/UI/Images.cs:701)
Unity.PlasticSCM.Editor.UI.Images:GetImage (Unity.PlasticSCM.Editor.UI.Images/Name) (at ./Library/PackageCache/com.unity.collab-proxy@a5329f833fa8/Editor/UI/Images.cs:86)
Unity.PlasticSCM.Editor.UI.Images:GetPlasticViewIcon () (at ./Library/PackageCache/com.unity.collab-proxy@a5329f833fa8/Editor/UI/Images.cs:427)
Unity.PlasticSCM.Editor.Toolbar.UVCSToolbarButtonData:BuildDefault () (at ./Library/PackageCache/com.unity.collab-proxy@a5329f833fa8/Editor/UVCSToolbar/UVCSToolbarButtonData.cs:17)
Unity.PlasticSCM.Editor.Toolbar.ToolbarController:.ctor (Unity.PlasticSCM.Editor.UVCSPlugin) (at ./Library/PackageCache/com.unity.collab-proxy@a5329f833fa8/Editor/UVCSToolbar/ToolbarController.cs:441)
Unity.PlasticSCM.Editor.Toolbar.UVCSToolbar:.cctor () (at ./Library/PackageCache/com.unity.collab-proxy@a5329f833fa8/Editor/UVCSToolbar/UVCSToolbar.cs:12)
Assets.Plugins.PlasticSCM.Editor.Toolbar.UVCSToolbarBoostrap:.cctor () (at ./Library/PackageCache/com.unity.collab-proxy@a5329f833fa8/Editor/UnityInternals/UVCSToolbarBoostrap.cs:15)
System.Runtime.CompilerServices.RuntimeHelpers:RunClassConstructor (System.RuntimeTypeHandle)
UnityEditor.EditorAssemblies:ProcessInitializeOnLoadAttributes (System.Type[])

[./Library/PackageCache/com.unity.collab-proxy@a5329f833fa8/Editor/UI/Images.cs line 665]

[Package Manager] Failed to launch server process. Reason: Unity was launched with the -noUpm command-line argument
[Package Manager] Unable to send message (not connected to server process).
[Package Manager] Cannot connect to Unity Package Manager local server
ScheduleIndexationOnStartup MainProcess:False IndexOnStartup:True
Mono: successfully reloaded assembly
- Finished resetting the current domain, in  2.797 seconds
Domain Reload Profiling: 4025ms
	BeginReloadAssembly (357ms)
		ExecutionOrderSort (0ms)
		DisableScriptedObjects (7ms)
		BackupInstance (0ms)
		ReleaseScriptingObjects (0ms)
		CreateAndSetChildDomain (56ms)
	RebuildCommonClasses (67ms)
	RebuildNativeTypeToScriptingClass (31ms)
	initialDomainReloadingComplete (50ms)
	LoadAllAssembliesAndSetupDomain (722ms)
		LoadAssemblies (560ms)
		RebuildTransferFunctionScriptingTraits (0ms)
		AnalyzeDomain (365ms)
			TypeCache.Refresh (16ms)
				TypeCache.ScanAssembly (0ms)
			BuildScriptInfoCaches (327ms)
			ResolveRequiredComponents (12ms)
	FinalizeReload (2799ms)
		ReleaseScriptCaches (0ms)
		RebuildScriptCaches (0ms)
		SetupLoadedEditorAssemblies (2196ms)
			LogAssemblyErrors (0ms)
			InitializePlatformSupportModulesInManaged (11ms)
			SetLoadedEditorAssemblies (15ms)
			BeforeProcessingInitializeOnLoad (573ms)
			ProcessInitializeOnLoadAttributes (1390ms)
			ProcessInitializeOnLoadMethodAttributes (176ms)
			AfterProcessingInitializeOnLoad (30ms)
			EditorAssembliesLoaded (1ms)
		ExecutionOrderSort2 (0ms)
		AwakeInstancesAfterBackupRestoration (36ms)
Refreshing native plugins compatible for Editor in 2.60 ms, found 3 plugins.
Preloading 0 native plugins for Editor in 0.00 ms.
Unloading 0 Unused Serialized files (Serialized files now loaded: 0)
Unloading 3892 unused Assets / (0.9 MB). Loaded Objects now: 4502.
Memory consumption went from 103.9 MB to 103.0 MB.
Total: 19.535200 ms (FindLiveObjects: 1.653200 ms CreateObjectMapping: 0.859100 ms MarkObjects: 13.573300 ms  DeleteObjects: 3.439400 ms)

Prepare: number of updated asset objects reloaded= 0
========================================================================
Received Prepare
Begin MonoManager ReloadAssembly
[Licensing::Client] Successfully resolved entitlement details
- Loaded All Assemblies, in  1.062 seconds
Refreshing native plugins compatible for Editor in 0.73 ms, found 3 plugins.
Native extension for WindowsStandalone target not found
Native extension for WebGL target not found
[Package Manager] Failed to launch server process. Reason: Unity was launched with the -noUpm command-line argument
[Package Manager] Unable to send message (not connected to server process).
[Package Manager] Cannot connect to Unity Package Manager local server
EXR error: Failed to parse EXR version info (TinyEXR error code: TINYEXR_ERROR_INVALID_MAGIC_NUMBER)
UnityEngine.Debug:ExtractStackTraceNoAlloc (byte*,int,string)
UnityEngine.StackTraceUtility:ExtractStackTrace ()
UnityEngine.ImageConversion:LoadImage (UnityEngine.Texture2D,System.ReadOnlySpan`1<byte>,bool)
UnityEngine.ImageConversion:LoadImage (UnityEngine.Texture2D,byte[])
Unity.PlasticSCM.Editor.UI.Images:GetNewTextureFromBytes (int,int,byte[]) (at ./Library/PackageCache/com.unity.collab-proxy@a5329f833fa8/Editor/UI/Images.cs:665)
Unity.PlasticSCM.Editor.UI.Images:GetNewTextureFromFile (string) (at ./Library/PackageCache/com.unity.collab-proxy@a5329f833fa8/Editor/UI/Images.cs:676)
Unity.PlasticSCM.Editor.UI.Images:LoadTextureFromFile (string) (at ./Library/PackageCache/com.unity.collab-proxy@a5329f833fa8/Editor/UI/Images.cs:847)
Unity.PlasticSCM.Editor.UI.Images:TryLoadImage (string,string,bool) (at ./Library/PackageCache/com.unity.collab-proxy@a5329f833fa8/Editor/UI/Images.cs:824)
Unity.PlasticSCM.Editor.UI.Images:LoadImage (Unity.PlasticSCM.Editor.UI.Images/Name,bool) (at ./Library/PackageCache/com.unity.collab-proxy@a5329f833fa8/Editor/UI/Images.cs:701)
Unity.PlasticSCM.Editor.UI.Images:GetImage (Unity.PlasticSCM.Editor.UI.Images/Name) (at ./Library/PackageCache/com.unity.collab-proxy@a5329f833fa8/Editor/UI/Images.cs:86)
Unity.PlasticSCM.Editor.UI.Images:GetPlasticViewIcon () (at ./Library/PackageCache/com.unity.collab-proxy@a5329f833fa8/Editor/UI/Images.cs:427)
Unity.PlasticSCM.Editor.Toolbar.UVCSToolbarButtonData:BuildDefault () (at ./Library/PackageCache/com.unity.collab-proxy@a5329f833fa8/Editor/UVCSToolbar/UVCSToolbarButtonData.cs:17)
Unity.PlasticSCM.Editor.Toolbar.ToolbarController:.ctor (Unity.PlasticSCM.Editor.UVCSPlugin) (at ./Library/PackageCache/com.unity.collab-proxy@a5329f833fa8/Editor/UVCSToolbar/ToolbarController.cs:441)
Unity.PlasticSCM.Editor.Toolbar.UVCSToolbar:.cctor () (at ./Library/PackageCache/com.unity.collab-proxy@a5329f833fa8/Editor/UVCSToolbar/UVCSToolbar.cs:12)
Assets.Plugins.PlasticSCM.Editor.Toolbar.UVCSToolbarBoostrap:.cctor () (at ./Library/PackageCache/com.unity.collab-proxy@a5329f833fa8/Editor/UnityInternals/UVCSToolbarBoostrap.cs:15)
System.Runtime.CompilerServices.RuntimeHelpers:RunClassConstructor (System.RuntimeTypeHandle)
UnityEditor.EditorAssemblies:ProcessInitializeOnLoadAttributes (System.Type[])

[./Library/PackageCache/com.unity.collab-proxy@a5329f833fa8/Editor/UI/Images.cs line 665]

[Package Manager] Failed to launch server process. Reason: Unity was launched with the -noUpm command-line argument
[Package Manager] Unable to send message (not connected to server process).
[Package Manager] Cannot connect to Unity Package Manager local server
ScheduleIndexationOnStartup MainProcess:False IndexOnStartup:True
Mono: successfully reloaded assembly
- Finished resetting the current domain, in  1.220 seconds
Domain Reload Profiling: 2285ms
	BeginReloadAssembly (371ms)
		ExecutionOrderSort (0ms)
		DisableScriptedObjects (8ms)
		BackupInstance (0ms)
		ReleaseScriptingObjects (0ms)
		CreateAndSetChildDomain (64ms)
	RebuildCommonClasses (61ms)
	RebuildNativeTypeToScriptingClass (21ms)
	initialDomainReloadingComplete (51ms)
	LoadAllAssembliesAndSetupDomain (554ms)
		LoadAssemblies (505ms)
		RebuildTransferFunctionScriptingTraits (0ms)
		AnalyzeDomain (251ms)
			TypeCache.Refresh (9ms)
				TypeCache.ScanAssembly (0ms)
			BuildScriptInfoCaches (227ms)
			ResolveRequiredComponents (9ms)
	FinalizeReload (1225ms)
		ReleaseScriptCaches (0ms)
		RebuildScriptCaches (0ms)
		SetupLoadedEditorAssemblies (919ms)
			LogAssemblyErrors (0ms)
			InitializePlatformSupportModulesInManaged (4ms)
			SetLoadedEditorAssemblies (5ms)
			BeforeProcessingInitializeOnLoad (198ms)
			ProcessInitializeOnLoadAttributes (495ms)
			ProcessInitializeOnLoadMethodAttributes (181ms)
			AfterProcessingInitializeOnLoad (34ms)
			EditorAssembliesLoaded (1ms)
		ExecutionOrderSort2 (0ms)
		AwakeInstancesAfterBackupRestoration (36ms)
Refreshing native plugins compatible for Editor in 2.48 ms, found 3 plugins.
Preloading 0 native plugins for Editor in 0.00 ms.
Unloading 0 Unused Serialized files (Serialized files now loaded: 0)
Unloading 3892 unused Assets / (0.9 MB). Loaded Objects now: 4503.
Memory consumption went from 103.9 MB to 102.9 MB.
Total: 18.504700 ms (FindLiveObjects: 1.226100 ms CreateObjectMapping: 0.660600 ms MarkObjects: 13.785600 ms  DeleteObjects: 2.828400 ms)

Prepare: number of updated asset objects reloaded= 0
========================================================================
Received Prepare
Begin MonoManager ReloadAssembly
- Loaded All Assemblies, in  1.135 seconds
Refreshing native plugins compatible for Editor in 1.28 ms, found 3 plugins.
Native extension for WindowsStandalone target not found
Native extension for WebGL target not found
[Package Manager] Failed to launch server process. Reason: Unity was launched with the -noUpm command-line argument
[Package Manager] Unable to send message (not connected to server process).
[Package Manager] Cannot connect to Unity Package Manager local server
EXR error: Failed to parse EXR version info (TinyEXR error code: TINYEXR_ERROR_INVALID_MAGIC_NUMBER)
UnityEngine.Debug:ExtractStackTraceNoAlloc (byte*,int,string)
UnityEngine.StackTraceUtility:ExtractStackTrace ()
UnityEngine.ImageConversion:LoadImage (UnityEngine.Texture2D,System.ReadOnlySpan`1<byte>,bool)
UnityEngine.ImageConversion:LoadImage (UnityEngine.Texture2D,byte[])
Unity.PlasticSCM.Editor.UI.Images:GetNewTextureFromBytes (int,int,byte[]) (at ./Library/PackageCache/com.unity.collab-proxy@a5329f833fa8/Editor/UI/Images.cs:665)
Unity.PlasticSCM.Editor.UI.Images:GetNewTextureFromFile (string) (at ./Library/PackageCache/com.unity.collab-proxy@a5329f833fa8/Editor/UI/Images.cs:676)
Unity.PlasticSCM.Editor.UI.Images:LoadTextureFromFile (string) (at ./Library/PackageCache/com.unity.collab-proxy@a5329f833fa8/Editor/UI/Images.cs:847)
Unity.PlasticSCM.Editor.UI.Images:TryLoadImage (string,string,bool) (at ./Library/PackageCache/com.unity.collab-proxy@a5329f833fa8/Editor/UI/Images.cs:824)
Unity.PlasticSCM.Editor.UI.Images:LoadImage (Unity.PlasticSCM.Editor.UI.Images/Name,bool) (at ./Library/PackageCache/com.unity.collab-proxy@a5329f833fa8/Editor/UI/Images.cs:701)
Unity.PlasticSCM.Editor.UI.Images:GetImage (Unity.PlasticSCM.Editor.UI.Images/Name) (at ./Library/PackageCache/com.unity.collab-proxy@a5329f833fa8/Editor/UI/Images.cs:86)
Unity.PlasticSCM.Editor.UI.Images:GetPlasticViewIcon () (at ./Library/PackageCache/com.unity.collab-proxy@a5329f833fa8/Editor/UI/Images.cs:427)
Unity.PlasticSCM.Editor.Toolbar.UVCSToolbarButtonData:BuildDefault () (at ./Library/PackageCache/com.unity.collab-proxy@a5329f833fa8/Editor/UVCSToolbar/UVCSToolbarButtonData.cs:17)
Unity.PlasticSCM.Editor.Toolbar.ToolbarController:.ctor (Unity.PlasticSCM.Editor.UVCSPlugin) (at ./Library/PackageCache/com.unity.collab-proxy@a5329f833fa8/Editor/UVCSToolbar/ToolbarController.cs:441)
Unity.PlasticSCM.Editor.Toolbar.UVCSToolbar:.cctor () (at ./Library/PackageCache/com.unity.collab-proxy@a5329f833fa8/Editor/UVCSToolbar/UVCSToolbar.cs:12)
Assets.Plugins.PlasticSCM.Editor.Toolbar.UVCSToolbarBoostrap:.cctor () (at ./Library/PackageCache/com.unity.collab-proxy@a5329f833fa8/Editor/UnityInternals/UVCSToolbarBoostrap.cs:15)
System.Runtime.CompilerServices.RuntimeHelpers:RunClassConstructor (System.RuntimeTypeHandle)
UnityEditor.EditorAssemblies:ProcessInitializeOnLoadAttributes (System.Type[])

[./Library/PackageCache/com.unity.collab-proxy@a5329f833fa8/Editor/UI/Images.cs line 665]

[Package Manager] Failed to launch server process. Reason: Unity was launched with the -noUpm command-line argument
[Package Manager] Unable to send message (not connected to server process).
[Package Manager] Cannot connect to Unity Package Manager local server
ScheduleIndexationOnStartup MainProcess:False IndexOnStartup:True
Mono: successfully reloaded assembly
- Finished resetting the current domain, in  2.404 seconds
Domain Reload Profiling: 3539ms
	BeginReloadAssembly (343ms)
		ExecutionOrderSort (0ms)
		DisableScriptedObjects (10ms)
		BackupInstance (0ms)
		ReleaseScriptingObjects (0ms)
		CreateAndSetChildDomain (69ms)
	RebuildCommonClasses (65ms)
	RebuildNativeTypeToScriptingClass (26ms)
	initialDomainReloadingComplete (47ms)
	LoadAllAssembliesAndSetupDomain (652ms)
		LoadAssemblies (514ms)
		RebuildTransferFunctionScriptingTraits (0ms)
		AnalyzeDomain (332ms)
			TypeCache.Refresh (8ms)
				TypeCache.ScanAssembly (0ms)
			BuildScriptInfoCaches (304ms)
			ResolveRequiredComponents (12ms)
	FinalizeReload (2405ms)
		ReleaseScriptCaches (0ms)
		RebuildScriptCaches (0ms)
		SetupLoadedEditorAssemblies (2000ms)
			LogAssemblyErrors (0ms)
			InitializePlatformSupportModulesInManaged (12ms)
			SetLoadedEditorAssemblies (7ms)
			BeforeProcessingInitializeOnLoad (451ms)
			ProcessInitializeOnLoadAttributes (1289ms)
			ProcessInitializeOnLoadMethodAttributes (222ms)
			AfterProcessingInitializeOnLoad (19ms)
			EditorAssembliesLoaded (0ms)
		ExecutionOrderSort2 (0ms)
		AwakeInstancesAfterBackupRestoration (25ms)
Refreshing native plugins compatible for Editor in 2.00 ms, found 3 plugins.
Preloading 0 native plugins for Editor in 0.00 ms.
Unloading 0 Unused Serialized files (Serialized files now loaded: 0)
Unloading 3892 unused Assets / (0.6 MB). Loaded Objects now: 4504.
Memory consumption went from 103.9 MB to 103.3 MB.
Total: 13.889400 ms (FindLiveObjects: 1.234500 ms CreateObjectMapping: 0.905200 ms MarkObjects: 10.719100 ms  DeleteObjects: 1.028200 ms)

Prepare: number of updated asset objects reloaded= 0
========================================================================
Received Prepare
Begin MonoManager ReloadAssembly
- Loaded All Assemblies, in  1.148 seconds
Refreshing native plugins compatible for Editor in 1.14 ms, found 3 plugins.
Native extension for WindowsStandalone target not found
Native extension for WebGL target not found
[Package Manager] Failed to launch server process. Reason: Unity was launched with the -noUpm command-line argument
[Package Manager] Unable to send message (not connected to server process).
[Package Manager] Cannot connect to Unity Package Manager local server
EXR error: Failed to parse EXR version info (TinyEXR error code: TINYEXR_ERROR_INVALID_MAGIC_NUMBER)
UnityEngine.Debug:ExtractStackTraceNoAlloc (byte*,int,string)
UnityEngine.StackTraceUtility:ExtractStackTrace ()
UnityEngine.ImageConversion:LoadImage (UnityEngine.Texture2D,System.ReadOnlySpan`1<byte>,bool)
UnityEngine.ImageConversion:LoadImage (UnityEngine.Texture2D,byte[])
Unity.PlasticSCM.Editor.UI.Images:GetNewTextureFromBytes (int,int,byte[]) (at ./Library/PackageCache/com.unity.collab-proxy@a5329f833fa8/Editor/UI/Images.cs:665)
Unity.PlasticSCM.Editor.UI.Images:GetNewTextureFromFile (string) (at ./Library/PackageCache/com.unity.collab-proxy@a5329f833fa8/Editor/UI/Images.cs:676)
Unity.PlasticSCM.Editor.UI.Images:LoadTextureFromFile (string) (at ./Library/PackageCache/com.unity.collab-proxy@a5329f833fa8/Editor/UI/Images.cs:847)
Unity.PlasticSCM.Editor.UI.Images:TryLoadImage (string,string,bool) (at ./Library/PackageCache/com.unity.collab-proxy@a5329f833fa8/Editor/UI/Images.cs:824)
Unity.PlasticSCM.Editor.UI.Images:LoadImage (Unity.PlasticSCM.Editor.UI.Images/Name,bool) (at ./Library/PackageCache/com.unity.collab-proxy@a5329f833fa8/Editor/UI/Images.cs:701)
Unity.PlasticSCM.Editor.UI.Images:GetImage (Unity.PlasticSCM.Editor.UI.Images/Name) (at ./Library/PackageCache/com.unity.collab-proxy@a5329f833fa8/Editor/UI/Images.cs:86)
Unity.PlasticSCM.Editor.UI.Images:GetPlasticViewIcon () (at ./Library/PackageCache/com.unity.collab-proxy@a5329f833fa8/Editor/UI/Images.cs:427)
Unity.PlasticSCM.Editor.Toolbar.UVCSToolbarButtonData:BuildDefault () (at ./Library/PackageCache/com.unity.collab-proxy@a5329f833fa8/Editor/UVCSToolbar/UVCSToolbarButtonData.cs:17)
Unity.PlasticSCM.Editor.Toolbar.ToolbarController:.ctor (Unity.PlasticSCM.Editor.UVCSPlugin) (at ./Library/PackageCache/com.unity.collab-proxy@a5329f833fa8/Editor/UVCSToolbar/ToolbarController.cs:441)
Unity.PlasticSCM.Editor.Toolbar.UVCSToolbar:.cctor () (at ./Library/PackageCache/com.unity.collab-proxy@a5329f833fa8/Editor/UVCSToolbar/UVCSToolbar.cs:12)
Assets.Plugins.PlasticSCM.Editor.Toolbar.UVCSToolbarBoostrap:.cctor () (at ./Library/PackageCache/com.unity.collab-proxy@a5329f833fa8/Editor/UnityInternals/UVCSToolbarBoostrap.cs:15)
System.Runtime.CompilerServices.RuntimeHelpers:RunClassConstructor (System.RuntimeTypeHandle)
UnityEditor.EditorAssemblies:ProcessInitializeOnLoadAttributes (System.Type[])

[./Library/PackageCache/com.unity.collab-proxy@a5329f833fa8/Editor/UI/Images.cs line 665]

[Package Manager] Failed to launch server process. Reason: Unity was launched with the -noUpm command-line argument
[Package Manager] Unable to send message (not connected to server process).
[Package Manager] Cannot connect to Unity Package Manager local server
ScheduleIndexationOnStartup MainProcess:False IndexOnStartup:True
Mono: successfully reloaded assembly
- Finished resetting the current domain, in  2.364 seconds
Domain Reload Profiling: 3515ms
	BeginReloadAssembly (334ms)
		ExecutionOrderSort (0ms)
		DisableScriptedObjects (7ms)
		BackupInstance (0ms)
		ReleaseScriptingObjects (0ms)
		CreateAndSetChildDomain (57ms)
	RebuildCommonClasses (84ms)
	RebuildNativeTypeToScriptingClass (27ms)
	initialDomainReloadingComplete (39ms)
	LoadAllAssembliesAndSetupDomain (665ms)
		LoadAssemblies (548ms)
		RebuildTransferFunctionScriptingTraits (0ms)
		AnalyzeDomain (315ms)
			TypeCache.Refresh (12ms)
				TypeCache.ScanAssembly (0ms)
			BuildScriptInfoCaches (291ms)
			ResolveRequiredComponents (6ms)
	FinalizeReload (2366ms)
		ReleaseScriptCaches (0ms)
		RebuildScriptCaches (0ms)
		SetupLoadedEditorAssemblies (2052ms)
			LogAssemblyErrors (0ms)
			InitializePlatformSupportModulesInManaged (8ms)
			SetLoadedEditorAssemblies (11ms)
			BeforeProcessingInitializeOnLoad (519ms)
			ProcessInitializeOnLoadAttributes (1389ms)
			ProcessInitializeOnLoadMethodAttributes (106ms)
			AfterProcessingInitializeOnLoad (17ms)
			EditorAssembliesLoaded (1ms)
		ExecutionOrderSort2 (0ms)
		AwakeInstancesAfterBackupRestoration (28ms)
Refreshing native plugins compatible for Editor in 2.08 ms, found 3 plugins.
Preloading 0 native plugins for Editor in 0.00 ms.
Unloading 0 Unused Serialized files (Serialized files now loaded: 0)
Unloading 3892 unused Assets / (0.7 MB). Loaded Objects now: 4505.
Memory consumption went from 103.9 MB to 103.2 MB.
Total: 15.715200 ms (FindLiveObjects: 1.536600 ms CreateObjectMapping: 0.702900 ms MarkObjects: 12.183400 ms  DeleteObjects: 1.285700 ms)

Prepare: number of updated asset objects reloaded= 0
========================================================================
Received Prepare
Begin MonoManager ReloadAssembly
[Licensing::Client] Successfully resolved entitlement details
- Loaded All Assemblies, in  1.184 seconds
Refreshing native plugins compatible for Editor in 1.06 ms, found 3 plugins.
Native extension for WindowsStandalone target not found
Native extension for WebGL target not found
[Package Manager] Failed to launch server process. Reason: Unity was launched with the -noUpm command-line argument
[Package Manager] Unable to send message (not connected to server process).
[Package Manager] Cannot connect to Unity Package Manager local server
EXR error: Failed to parse EXR version info (TinyEXR error code: TINYEXR_ERROR_INVALID_MAGIC_NUMBER)
UnityEngine.Debug:ExtractStackTraceNoAlloc (byte*,int,string)
UnityEngine.StackTraceUtility:ExtractStackTrace ()
UnityEngine.ImageConversion:LoadImage (UnityEngine.Texture2D,System.ReadOnlySpan`1<byte>,bool)
UnityEngine.ImageConversion:LoadImage (UnityEngine.Texture2D,byte[])
Unity.PlasticSCM.Editor.UI.Images:GetNewTextureFromBytes (int,int,byte[]) (at ./Library/PackageCache/com.unity.collab-proxy@a5329f833fa8/Editor/UI/Images.cs:665)
Unity.PlasticSCM.Editor.UI.Images:GetNewTextureFromFile (string) (at ./Library/PackageCache/com.unity.collab-proxy@a5329f833fa8/Editor/UI/Images.cs:676)
Unity.PlasticSCM.Editor.UI.Images:LoadTextureFromFile (string) (at ./Library/PackageCache/com.unity.collab-proxy@a5329f833fa8/Editor/UI/Images.cs:847)
Unity.PlasticSCM.Editor.UI.Images:TryLoadImage (string,string,bool) (at ./Library/PackageCache/com.unity.collab-proxy@a5329f833fa8/Editor/UI/Images.cs:824)
Unity.PlasticSCM.Editor.UI.Images:LoadImage (Unity.PlasticSCM.Editor.UI.Images/Name,bool) (at ./Library/PackageCache/com.unity.collab-proxy@a5329f833fa8/Editor/UI/Images.cs:701)
Unity.PlasticSCM.Editor.UI.Images:GetImage (Unity.PlasticSCM.Editor.UI.Images/Name) (at ./Library/PackageCache/com.unity.collab-proxy@a5329f833fa8/Editor/UI/Images.cs:86)
Unity.PlasticSCM.Editor.UI.Images:GetPlasticViewIcon () (at ./Library/PackageCache/com.unity.collab-proxy@a5329f833fa8/Editor/UI/Images.cs:427)
Unity.PlasticSCM.Editor.Toolbar.UVCSToolbarButtonData:BuildDefault () (at ./Library/PackageCache/com.unity.collab-proxy@a5329f833fa8/Editor/UVCSToolbar/UVCSToolbarButtonData.cs:17)
Unity.PlasticSCM.Editor.Toolbar.ToolbarController:.ctor (Unity.PlasticSCM.Editor.UVCSPlugin) (at ./Library/PackageCache/com.unity.collab-proxy@a5329f833fa8/Editor/UVCSToolbar/ToolbarController.cs:441)
Unity.PlasticSCM.Editor.Toolbar.UVCSToolbar:.cctor () (at ./Library/PackageCache/com.unity.collab-proxy@a5329f833fa8/Editor/UVCSToolbar/UVCSToolbar.cs:12)
Assets.Plugins.PlasticSCM.Editor.Toolbar.UVCSToolbarBoostrap:.cctor () (at ./Library/PackageCache/com.unity.collab-proxy@a5329f833fa8/Editor/UnityInternals/UVCSToolbarBoostrap.cs:15)
System.Runtime.CompilerServices.RuntimeHelpers:RunClassConstructor (System.RuntimeTypeHandle)
UnityEditor.EditorAssemblies:ProcessInitializeOnLoadAttributes (System.Type[])

[./Library/PackageCache/com.unity.collab-proxy@a5329f833fa8/Editor/UI/Images.cs line 665]

[Package Manager] Failed to launch server process. Reason: Unity was launched with the -noUpm command-line argument
[Package Manager] Unable to send message (not connected to server process).
[Package Manager] Cannot connect to Unity Package Manager local server
ScheduleIndexationOnStartup MainProcess:False IndexOnStartup:True
Mono: successfully reloaded assembly
- Finished resetting the current domain, in  2.342 seconds
Domain Reload Profiling: 3521ms
	BeginReloadAssembly (346ms)
		ExecutionOrderSort (0ms)
		DisableScriptedObjects (9ms)
		BackupInstance (0ms)
		ReleaseScriptingObjects (0ms)
		CreateAndSetChildDomain (58ms)
	RebuildCommonClasses (96ms)
	RebuildNativeTypeToScriptingClass (29ms)
	initialDomainReloadingComplete (57ms)
	LoadAllAssembliesAndSetupDomain (650ms)
		LoadAssemblies (526ms)
		RebuildTransferFunctionScriptingTraits (0ms)
		AnalyzeDomain (312ms)
			TypeCache.Refresh (10ms)
				TypeCache.ScanAssembly (0ms)
			BuildScriptInfoCaches (285ms)
			ResolveRequiredComponents (10ms)
	FinalizeReload (2343ms)
		ReleaseScriptCaches (0ms)
		RebuildScriptCaches (0ms)
		SetupLoadedEditorAssemblies (1939ms)
			LogAssemblyErrors (0ms)
			InitializePlatformSupportModulesInManaged (17ms)
			SetLoadedEditorAssemblies (16ms)
			BeforeProcessingInitializeOnLoad (549ms)
			ProcessInitializeOnLoadAttributes (1175ms)
			ProcessInitializeOnLoadMethodAttributes (156ms)
			AfterProcessingInitializeOnLoad (25ms)
			EditorAssembliesLoaded (0ms)
		ExecutionOrderSort2 (0ms)
		AwakeInstancesAfterBackupRestoration (24ms)
Refreshing native plugins compatible for Editor in 4.67 ms, found 3 plugins.
Preloading 0 native plugins for Editor in 0.00 ms.
Unloading 0 Unused Serialized files (Serialized files now loaded: 0)
Unloading 3892 unused Assets / (0.9 MB). Loaded Objects now: 4506.
Memory consumption went from 103.9 MB to 103.0 MB.
Total: 23.064800 ms (FindLiveObjects: 0.622600 ms CreateObjectMapping: 0.335000 ms MarkObjects: 17.595300 ms  DeleteObjects: 4.506600 ms)

Prepare: number of updated asset objects reloaded= 0
